Archive member included to satisfy reference by file (symbol)

C:/ST/STM32CubeIDE_1.15.0/STM32CubeIDE/plugins/com.st.stm32cube.ide.mcu.externaltools.gnu-tools-for-stm32.13.3.rel1.win32_1.0.0.202411081344/tools/bin/../lib/gcc/arm-none-eabi/13.3.1/../../../../arm-none-eabi/lib/thumb/v7e-m+fp/hard\libc_nano.a(libc_a-exit.o)
                              C:/ST/STM32CubeIDE_1.15.0/STM32CubeIDE/plugins/com.st.stm32cube.ide.mcu.externaltools.gnu-tools-for-stm32.13.3.rel1.win32_1.0.0.202411081344/tools/bin/../lib/gcc/arm-none-eabi/13.3.1/../../../../arm-none-eabi/lib/thumb/v7e-m+fp/hard/crt0.o (exit)
C:/ST/STM32CubeIDE_1.15.0/STM32CubeIDE/plugins/com.st.stm32cube.ide.mcu.externaltools.gnu-tools-for-stm32.13.3.rel1.win32_1.0.0.202411081344/tools/bin/../lib/gcc/arm-none-eabi/13.3.1/../../../../arm-none-eabi/lib/thumb/v7e-m+fp/hard\libc_nano.a(libc_a-findfp.o)
                              C:/ST/STM32CubeIDE_1.15.0/STM32CubeIDE/plugins/com.st.stm32cube.ide.mcu.externaltools.gnu-tools-for-stm32.13.3.rel1.win32_1.0.0.202411081344/tools/bin/../lib/gcc/arm-none-eabi/13.3.1/../../../../arm-none-eabi/lib/thumb/v7e-m+fp/hard\libc_nano.a(libc_a-exit.o) (__stdio_exit_handler)
C:/ST/STM32CubeIDE_1.15.0/STM32CubeIDE/plugins/com.st.stm32cube.ide.mcu.externaltools.gnu-tools-for-stm32.13.3.rel1.win32_1.0.0.202411081344/tools/bin/../lib/gcc/arm-none-eabi/13.3.1/../../../../arm-none-eabi/lib/thumb/v7e-m+fp/hard\libc_nano.a(libc_a-fwalk.o)
                              C:/ST/STM32CubeIDE_1.15.0/STM32CubeIDE/plugins/com.st.stm32cube.ide.mcu.externaltools.gnu-tools-for-stm32.13.3.rel1.win32_1.0.0.202411081344/tools/bin/../lib/gcc/arm-none-eabi/13.3.1/../../../../arm-none-eabi/lib/thumb/v7e-m+fp/hard\libc_nano.a(libc_a-findfp.o) (_fwalk_sglue)
C:/ST/STM32CubeIDE_1.15.0/STM32CubeIDE/plugins/com.st.stm32cube.ide.mcu.externaltools.gnu-tools-for-stm32.13.3.rel1.win32_1.0.0.202411081344/tools/bin/../lib/gcc/arm-none-eabi/13.3.1/../../../../arm-none-eabi/lib/thumb/v7e-m+fp/hard\libc_nano.a(libc_a-stdio.o)
                              C:/ST/STM32CubeIDE_1.15.0/STM32CubeIDE/plugins/com.st.stm32cube.ide.mcu.externaltools.gnu-tools-for-stm32.13.3.rel1.win32_1.0.0.202411081344/tools/bin/../lib/gcc/arm-none-eabi/13.3.1/../../../../arm-none-eabi/lib/thumb/v7e-m+fp/hard\libc_nano.a(libc_a-findfp.o) (__sread)
C:/ST/STM32CubeIDE_1.15.0/STM32CubeIDE/plugins/com.st.stm32cube.ide.mcu.externaltools.gnu-tools-for-stm32.13.3.rel1.win32_1.0.0.202411081344/tools/bin/../lib/gcc/arm-none-eabi/13.3.1/../../../../arm-none-eabi/lib/thumb/v7e-m+fp/hard\libc_nano.a(libc_a-memset.o)
                              C:/ST/STM32CubeIDE_1.15.0/STM32CubeIDE/plugins/com.st.stm32cube.ide.mcu.externaltools.gnu-tools-for-stm32.13.3.rel1.win32_1.0.0.202411081344/tools/bin/../lib/gcc/arm-none-eabi/13.3.1/../../../../arm-none-eabi/lib/thumb/v7e-m+fp/hard/crt0.o (memset)
C:/ST/STM32CubeIDE_1.15.0/STM32CubeIDE/plugins/com.st.stm32cube.ide.mcu.externaltools.gnu-tools-for-stm32.13.3.rel1.win32_1.0.0.202411081344/tools/bin/../lib/gcc/arm-none-eabi/13.3.1/../../../../arm-none-eabi/lib/thumb/v7e-m+fp/hard\libc_nano.a(libc_a-closer.o)
                              C:/ST/STM32CubeIDE_1.15.0/STM32CubeIDE/plugins/com.st.stm32cube.ide.mcu.externaltools.gnu-tools-for-stm32.13.3.rel1.win32_1.0.0.202411081344/tools/bin/../lib/gcc/arm-none-eabi/13.3.1/../../../../arm-none-eabi/lib/thumb/v7e-m+fp/hard\libc_nano.a(libc_a-stdio.o) (_close_r)
C:/ST/STM32CubeIDE_1.15.0/STM32CubeIDE/plugins/com.st.stm32cube.ide.mcu.externaltools.gnu-tools-for-stm32.13.3.rel1.win32_1.0.0.202411081344/tools/bin/../lib/gcc/arm-none-eabi/13.3.1/../../../../arm-none-eabi/lib/thumb/v7e-m+fp/hard\libc_nano.a(libc_a-reent.o)
                              C:/ST/STM32CubeIDE_1.15.0/STM32CubeIDE/plugins/com.st.stm32cube.ide.mcu.externaltools.gnu-tools-for-stm32.13.3.rel1.win32_1.0.0.202411081344/tools/bin/../lib/gcc/arm-none-eabi/13.3.1/../../../../arm-none-eabi/lib/thumb/v7e-m+fp/hard\libc_nano.a(libc_a-closer.o) (errno)
C:/ST/STM32CubeIDE_1.15.0/STM32CubeIDE/plugins/com.st.stm32cube.ide.mcu.externaltools.gnu-tools-for-stm32.13.3.rel1.win32_1.0.0.202411081344/tools/bin/../lib/gcc/arm-none-eabi/13.3.1/../../../../arm-none-eabi/lib/thumb/v7e-m+fp/hard\libc_nano.a(libc_a-impure.o)
                              C:/ST/STM32CubeIDE_1.15.0/STM32CubeIDE/plugins/com.st.stm32cube.ide.mcu.externaltools.gnu-tools-for-stm32.13.3.rel1.win32_1.0.0.202411081344/tools/bin/../lib/gcc/arm-none-eabi/13.3.1/../../../../arm-none-eabi/lib/thumb/v7e-m+fp/hard\libc_nano.a(libc_a-reent.o) (_impure_ptr)
C:/ST/STM32CubeIDE_1.15.0/STM32CubeIDE/plugins/com.st.stm32cube.ide.mcu.externaltools.gnu-tools-for-stm32.13.3.rel1.win32_1.0.0.202411081344/tools/bin/../lib/gcc/arm-none-eabi/13.3.1/../../../../arm-none-eabi/lib/thumb/v7e-m+fp/hard\libc_nano.a(libc_a-lseekr.o)
[...]
Memory Configuration

Name             Origin             Length             Attributes
CCMRAM           0x10000000         0x00010000         xrw
RAM              0x20000000         0x00020000         xrw
FLASH            0x08000000         0x00100000         xr
*default*        0x00000000         0xffffffff

Linker script and memory map

LOAD C:/ST/STM32CubeIDE_1.15.0/STM32CubeIDE/plugins/com.st.stm32cube.ide.mcu.externaltools.gnu-tools-for-stm32.13.3.rel1.win32_1.0.0.202411081344/tools/bin/../lib/gcc/arm-none-eabi/13.3.1/thumb/v7e-m+fp/hard/crti.o
LOAD C:/ST/STM32CubeIDE_1.15.0/STM32CubeIDE/plugins/com.st.stm32cube.ide.mcu.externaltools.gnu-tools-for-stm32.13.3.rel1.win32_1.0.0.202411081344/tools/bin/../lib/gcc/arm-none-eabi/13.3.1/thumb/v7e-m+fp/hard/crtbegin.o
LOAD C:/ST/STM32CubeIDE_1.15.0/STM32CubeIDE/plugins/com.st.stm32cube.ide.mcu.externaltools.gnu-tools-for-stm32.13.3.rel1.win32_1.0.0.202411081344/tools/bin/../lib/gcc/arm-none-eabi/13.3.1/../../../../arm-none-eabi/lib/thumb/v7e-m+fp/hard/crt0.o
LOAD ./Core/Images/animals/bear.o
LOAD ./Core/Images/animals/cap.o
LOAD ./Core/Images/animals/cow.o
LOAD ./Core/Images/animals/fish.o
LOAD ./Core/Images/animals/hen.o
LOAD ./Core/Images/animals/lamb.o
LOAD ./Core/Images/animals/pig.o
LOAD ./Core/Images/animals/rabbit.o
LOAD ./Core/Images/animals/tea.o
LOAD ./Core/Images/animals/termo.o
LOAD ./Core/Images/cooler/cooler_0.o
LOAD ./Core/Images/cooler/cooler_180.o
LOAD ./Core/Images/cooler/cooler_270.o
LOAD ./Core/Images/cooler/cooler_60.o
LOAD ./Core/Images/cooler/cooler_90.o
LOAD ./Core/Images/digit_green/0zero_green.o
LOAD ./Core/Images/digit_green/1one_green.o
LOAD ./Core/Images/digit_green/2two_green.o
LOAD ./Core/Images/digit_green/3three_green.o
LOAD ./Core/Images/digit_green/4four_green.o
LOAD ./Core/Images/digit_green/5five_green.o
LOAD ./Core/Images/digit_green/6six_green.o
LOAD ./Core/Images/digit_green/7seven_green.o
LOAD ./Core/Images/digit_green/8eight_green.o
LOAD ./Core/Images/digit_green/9nine_green.o
LOAD ./Core/Images/digit_green/tmp_off.o
LOAD ./Core/Images/digit_white/0zero.o
LOAD ./Core/Images/digit_white/1one.o
LOAD ./Core/Images/digit_white/2two.o
LOAD ./Core/Images/digit_white/3three.o
LOAD ./Core/Images/digit_white/4four.o
LOAD ./Core/Images/digit_white/5five.o
LOAD ./Core/Images/digit_white/6six.o
LOAD ./Core/Images/digit_white/7seven.o
LOAD ./Core/Images/digit_white/8eight.o
LOAD ./Core/Images/digit_white/9nine.o
LOAD ./Core/Images/digit_white_big/0zero_big.o
LOAD ./Core/Images/digit_white_big/1one_big.o
LOAD ./Core/Images/digit_white_big/2two_big.o
LOAD ./Core/Images/digit_white_big/3three_big.o
LOAD ./Core/Images/digit_white_big/4four_big.o
LOAD ./Core/Images/digit_white_big/5five_big.o
LOAD ./Core/Images/digit_white_big/6six_big.o
LOAD ./Core/Images/digit_white_big/7seven_big.o
LOAD ./Core/Images/digit_white_big/8eight_big.o
LOAD ./Core/Images/digit_white_big/9nine_big.o
LOAD ./Core/Images/fire/fire.o
LOAD ./Core/Images/fire/fire_180.o
LOAD ./Core/Images/fire/fire_90.o
LOAD ./Core/Images/fire/fire_off.o
LOAD ./Core/Images/fire/fire_off_90.o
LOAD ./Core/Images/img_com/barbecue.o
LOAD ./Core/Images/img_com/dots.o
LOAD ./Core/Images/img_com/dots_off.o
LOAD ./Core/Images/img_com/grad_C.o
LOAD ./Core/Images/img_com/grad_w.o
LOAD ./Core/Images/img_com/off.o
LOAD ./Core/Images/img_com/regulator.o
LOAD ./Core/Images/img_com/scale.o
LOAD ./Core/Images/img_com/termometr.o
LOAD ./Core/Images/img_com/termometr_big.o
LOAD ./Core/Images/words/convekcia.o
LOAD ./Core/Images/words/culinar.o
LOAD ./Core/Images/words/grill.o
LOAD ./Core/Images/words/intensiv.o
LOAD ./Core/Images/words/pred.o
LOAD ./Core/Images/words/standart.o
LOAD ./Core/Images/words/sushca.o
LOAD ./Core/Images/words/svet.o
LOAD ./Core/Images/words/temperature.o
LOAD ./Core/Images/words/ustanovka.o
LOAD ./Core/Images/words/zapekanie.o
LOAD ./Core/Src/Init.o
LOAD ./Core/Src/dma.o
LOAD ./Core/Src/fsmc.o
LOAD ./Core/Src/gpio.o
LOAD ./Core/Src/images.o
LOAD ./Core/Src/main.o
LOAD ./Core/Src/stm32f4xx_hal_msp.o
LOAD ./Core/Src/stm32f4xx_it.o
LOAD ./Core/Src/syscalls.o
LOAD ./Core/Src/sysmem.o
LOAD ./Core/Src/system_stm32f4xx.o
LOAD ./Core/Src/tim.o
LOAD ./Core/Src/usart.o
LOAD ./Core/Startup/startup_stm32f407igtx.o
LOAD ./Drivers/STM32F4xx_HAL_Driver/Src/stm32f4xx_hal.o
LOAD ./Drivers/STM32F4xx_HAL_Driver/Src/stm32f4xx_hal_cortex.o
LOAD ./Drivers/STM32F4xx_HAL_Driver/Src/stm32f4xx_hal_dma.o
LOAD ./Drivers/STM32F4xx_HAL_Driver/Src/stm32f4xx_hal_dma_ex.o
LOAD ./Drivers/STM32F4xx_HAL_Driver/Src/stm32f4xx_hal_exti.o
LOAD ./Drivers/STM32F4xx_HAL_Driver/Src/stm32f4xx_hal_flash.o
LOAD ./Drivers/STM32F4xx_HAL_Driver/Src/stm32f4xx_hal_flash_ex.o
LOAD ./Drivers/STM32F4xx_HAL_Driver/Src/stm32f4xx_hal_flash_ramfunc.o
LOAD ./Drivers/STM32F4xx_HAL_Driver/Src/stm32f4xx_hal_gpio.o
LOAD ./Drivers/STM32F4xx_HAL_Driver/Src/stm32f4xx_hal_nand.o
LOAD ./Drivers/STM32F4xx_HAL_Driver/Src/stm32f4xx_hal_nor.o
LOAD ./Drivers/STM32F4xx_HAL_Driver/Src/stm32f4xx_hal_pccard.o
LOAD ./Drivers/STM32F4xx_HAL_Driver/Src/stm32f4xx_hal_pwr.o
LOAD ./Drivers/STM32F4xx_HAL_Driver/Src/stm32f4xx_hal_pwr_ex.o
LOAD ./Drivers/STM32F4xx_HAL_Driver/Src/stm32f4xx_hal_rcc.o
LOAD ./Drivers/STM32F4xx_HAL_Driver/Src/stm32f4xx_hal_rcc_ex.o
LOAD ./Drivers/STM32F4xx_HAL_Driver/Src/stm32f4xx_hal_sram.o
LOAD ./Drivers/STM32F4xx_HAL_Driver/Src/stm32f4xx_hal_tim.o
LOAD ./Drivers/STM32F4xx_HAL_Driver/Src/stm32f4xx_hal_tim_ex.o
LOAD ./Drivers/STM32F4xx_HAL_Driver/Src/stm32f4xx_hal_uart.o
LOAD ./Drivers/STM32F4xx_HAL_Driver/Src/stm32f4xx_ll_fsmc.o
START GROUP
LOAD C:/ST/STM32CubeIDE_1.15.0/STM32CubeIDE/plugins/com.st.stm32cube.ide.mcu.externaltools.gnu-tools-for-stm32.13.3.rel1.win32_1.0.0.202411081344/tools/bin/../lib/gcc/arm-none-eabi/13.3.1/../../../../arm-none-eabi/lib/thumb/v7e-m+fp/hard\libc_nano.a
LOAD C:/ST/STM32CubeIDE_1.15.0/STM32CubeIDE/plugins/com.st.stm32cube.ide.mcu.externaltools.gnu-tools-for-stm32.13.3.rel1.win32_1.0.0.202411081344/tools/bin/../lib/gcc/arm-none-eabi/13.3.1/../../../../arm-none-eabi/lib/thumb/v7e-m+fp/hard\libm.a
END GROUP
START GROUP
LOAD C:/ST/STM32CubeIDE_1.15.0/STM32CubeIDE/plugins/com.st.stm32cube.ide.mcu.externaltools.gnu-tools-for-stm32.13.3.rel1.win32_1.0.0.202411081344/tools/bin/../lib/gcc/arm-none-eabi/13.3.1/thumb/v7e-m+fp/hard\libgcc.a
LOAD C:/ST/STM32CubeIDE_1.15.0/STM32CubeIDE/plugins/com.st.stm32cube.ide.mcu.externaltools.gnu-tools-for-stm32.13.3.rel1.win32_1.0.0.202411081344/tools/bin/../lib/gcc/arm-none-eabi/13.3.1/../../../../arm-none-eabi/lib/thumb/v7e-m+fp/hard\libc_nano.a
END GROUP
START GROUP
LOAD C:/ST/STM32CubeIDE_1.15.0/STM32CubeIDE/plugins/com.st.stm32cube.ide.mcu.externaltools.gnu-tools-for-stm32.13.3.rel1.win32_1.0.0.202411081344/tools/bin/../lib/gcc/arm-none-eabi/13.3.1/thumb/v7e-m+fp/hard\libgcc.a
LOAD C:/ST/STM32CubeIDE_1.15.0/STM32CubeIDE/plugins/com.st.stm32cube.ide.mcu.externaltools.gnu-tools-for-stm32.13.3.rel1.win32_1.0.0.202411081344/tools/bin/../lib/gcc/arm-none-eabi/13.3.1/../../../../arm-none-eabi/lib/thumb/v7e-m+fp/hard\libc_nano.a
LOAD C:/ST/STM32CubeIDE_1.15.0/STM32CubeIDE/plugins/com.st.stm32cube.ide.mcu.externaltools.gnu-tools-for-stm32.13.3.rel1.win32_1.0.0.202411081344/tools/bin/../lib/gcc/arm-none-eabi/13.3.1/../../../../arm-none-eabi/lib/thumb/v7e-m+fp/hard\libnosys.a
END GROUP
START GROUP
LOAD C:/ST/STM32CubeIDE_1.15.0/STM32CubeIDE/plugins/com.st.stm32cube.ide.mcu.externaltools.gnu-tools-for-stm32.13.3.rel1.win32_1.0.0.202411081344/tools/bin/../lib/gcc/arm-none-eabi/13.3.1/thumb/v7e-m+fp/hard\libgcc.a
LOAD C:/ST/STM32CubeIDE_1.15.0/STM32CubeIDE/plugins/com.st.stm32cube.ide.mcu.externaltools.gnu-tools-for-stm32.13.3.rel1.win32_1.0.0.202411081344/tools/bin/../lib/gcc/arm-none-eabi/13.3.1/../../../../arm-none-eabi/lib/thumb/v7e-m+fp/hard\libc_nano.a
LOAD C:/ST/STM32CubeIDE_1.15.0/STM32CubeIDE/plugins/com.st.stm32cube.ide.mcu.externaltools.gnu-tools-for-stm32.13.3.rel1.win32_1.0.0.202411081344/tools/bin/../lib/gcc/arm-none-eabi/13.3.1/../../../../arm-none-eabi/lib/thumb/v7e-m+fp/hard\libnosys.a
END GROUP
LOAD C:/ST/STM32CubeIDE_1.15.0/STM32CubeIDE/plugins/com.st.stm32cube.ide.mcu.externaltools.gnu-tools-for-stm32.13.3.rel1.win32_1.0.0.202411081344/tools/bin/../lib/gcc/arm-none-eabi/13.3.1/thumb/v7e-m+fp/hard/crtend.o
LOAD C:/ST/STM32CubeIDE_1.15.0/STM32CubeIDE/plugins/com.st.stm32cube.ide.mcu.externaltools.gnu-tools-for-stm32.13.3.rel1.win32_1.0.0.202411081344/tools/bin/../lib/gcc/arm-none-eabi/13.3.1/thumb/v7e-m+fp/hard/crtn.o
                0x20020000                        _estack = (ORIGIN (RAM) + LENGTH (RAM))
                0x00000200                        _Min_Heap_Size = 0x200
                0x00000400                        _Min_Stack_Size = 0x400

.isr_vector     0x08000000      0x188
                0x08000000                        . = ALIGN (0x4)
 *(.isr_vector)
 .isr_vector    0x08000000      0x188 ./Core/Startup/startup_stm32f407igtx.o
                0x08000000                g_pfnVectors
                0x08000188                        . = ALIGN (0x4)

.text           0x08000188     0x60b8
                0x08000188                        . = ALIGN (0x4)
 *(.text)
 .text          0x08000188       0x40 C:/ST/STM32CubeIDE_1.15.0/STM32CubeIDE/plugins/com.st.stm32cube.ide.mcu.externaltools.gnu-tools-for-stm32.13.3.rel1.win32_1.0.0.202411081344/tools/bin/../lib/gcc/arm-none-eabi/13.3.1/thumb/v7e-m+fp/hard/crtbegin.o
 .text          0x080001c8       0x30 C:/ST/STM32CubeIDE_1.15.0/STM32CubeIDE/plugins/com.st.stm32cube.ide.mcu.externaltools.gnu-tools-for-stm32.13.3.rel1.win32_1.0.0.202411081344/tools/bin/../lib/gcc/arm-none-eabi/13.3.1/thumb/v7e-m+fp/hard\libgcc.a(_aeabi_uldivmod.o)
                0x080001c8                __aeabi_uldivmod
 .text          0x080001f8      0x2f8 C:/ST/STM32CubeIDE_1.15.0/STM32CubeIDE/plugins/com.st.stm32cube.ide.mcu.externaltools.gnu-tools-for-stm32.13.3.rel1.win32_1.0.0.202411081344/tools/bin/../lib/gcc/arm-none-eabi/13.3.1/thumb/v7e-m+fp/hard\libgcc.a(_udivmoddi4.o)
                0x080001f8                __udivmoddi4
 .text          0x080004f0        0x4 C:/ST/STM32CubeIDE_1.15.0/STM32CubeIDE/plugins/com.st.stm32cube.ide.mcu.externaltools.gnu-tools-for-stm32.13.3.rel1.win32_1.0.0.202411081344/tools/bin/../lib/gcc/arm-none-eabi/13.3.1/thumb/v7e-m+fp/hard\libgcc.a(_dvmd_tls.o)
                0x080004f0                __aeabi_idiv0
                0x080004f0                __aeabi_ldiv0
 *(.text*)
 .text.ILI9488_Reset
                0x080004f4       0x28 ./Core/Src/Init.o
                0x080004f4                ILI9488_Reset
 .text.DWT_Init
                0x0800051c       0x38 ./Core/Src/Init.o
                0x0800051c                DWT_Init
 .text.delta    0x08000554       0x1c ./Core/Src/Init.o
 .text.delay_us
                0x08000570       0x50 ./Core/Src/Init.o
                0x08000570                delay_us
 .text.writecommand
                0x080005c0       0x1e ./Core/Src/Init.o
                0x080005c0                writecommand
 *fill*         0x080005de        0x2 
 .text.writedata
                0x080005e0       0x24 ./Core/Src/Init.o
                0x080005e0                writedata
 .text.init_9488
                0x08000604      0x1aa ./Core/Src/Init.o
                0x08000604                init_9488
 .text.fillScreen
                0x080007ae       0x26 ./Core/Src/Init.o
                0x080007ae                fillScreen
 .text.setAddrWindow
                0x080007d4       0x98 ./Core/Src/Init.o
                0x080007d4                setAddrWindow
 .text.drawImage
                0x0800086c      0x1e4 ./Core/Src/Init.o
                0x0800086c                drawImage
 .text.write16BitColor
                0x08000a50       0x98 ./Core/Src/Init.o
                0x08000a50                write16BitColor
 .text.fillRect
                0x08000ae8       0xba ./Core/Src/Init.o
                0x08000ae8                fillRect
 *fill*         0x08000ba2        0x2 
 .text.MX_DMA_Init
                0x08000ba4       0x40 ./Core/Src/dma.o
                0x08000ba4                MX_DMA_Init
 .text.MX_FSMC_Init
                0x08000be4       0xf4 ./Core/Src/fsmc.o
                0x08000be4                MX_FSMC_Init
 .text.HAL_FSMC_MspInit
                0x08000cd8       0x98 ./Core/Src/fsmc.o
 .text.HAL_SRAM_MspInit
                0x08000d70       0x14 ./Core/Src/fsmc.o
                0x08000d70                HAL_SRAM_MspInit
 .text.MX_GPIO_Init
                0x08000d84       0xbc ./Core/Src/gpio.o
                0x08000d84                MX_GPIO_Init
 .text.screen_first
                0x08000e40      0x2cc ./Core/Src/images.o
                0x08000e40                screen_first
 .text.cooler_start
                0x0800110c       0x14 ./Core/Src/images.o
                0x0800110c                cooler_start
 .text.cooler_stop
                0x08001120       0x14 ./Core/Src/images.o
                0x08001120                cooler_stop
 .text.HAL_TIM_PeriodElapsedCallback
                0x08001134       0xf0 ./Core/Src/images.o
                0x08001134                HAL_TIM_PeriodElapsedCallback
 .text.turn_off
                0x08001224      0x114 ./Core/Src/images.o
                0x08001224                turn_off
 .text.draw_turn_off
                0x08001338       0x8c ./Core/Src/images.o
                0x08001338                draw_turn_off
 .text.check_images
                0x080013c4      0x374 ./Core/Src/images.o
                0x080013c4                check_images
 .text.count_watch
                0x08001738       0x50 ./Core/Src/images.o
                0x08001738                count_watch
 .text.count_mode_2
                0x08001788       0xec ./Core/Src/images.o
                0x08001788                count_mode_2
 .text.main     0x08001874      0x2a0 ./Core/Src/main.o
                0x08001874                main
 .text.SystemClock_Config
                0x08001b14       0xd4 ./Core/Src/main.o
                0x08001b14                SystemClock_Config
 .text.Error_Handler
                0x08001be8        0xc ./Core/Src/main.o
                0x08001be8                Error_Handler
 .text.HAL_MspInit
                0x08001bf4       0x50 ./Core/Src/stm32f4xx_hal_msp.o
                0x08001bf4                HAL_MspInit
 .text.NMI_Handler
                0x08001c44        0x8 ./Core/Src/stm32f4xx_it.o
                0x08001c44                NMI_Handler
 .text.HardFault_Handler
                0x08001c4c        0x8 ./Core/Src/stm32f4xx_it.o
                0x08001c4c                HardFault_Handler
 .text.MemManage_Handler
                0x08001c54        0x8 ./Core/Src/stm32f4xx_it.o
                0x08001c54                MemManage_Handler
 .text.BusFault_Handler
                0x08001c5c        0x8 ./Core/Src/stm32f4xx_it.o
                0x08001c5c                BusFault_Handler
 .text.UsageFault_Handler
                0x08001c64        0x8 ./Core/Src/stm32f4xx_it.o
                0x08001c64                UsageFault_Handler
 .text.SVC_Handler
                0x08001c6c        0xe ./Core/Src/stm32f4xx_it.o
                0x08001c6c                SVC_Handler
 .text.DebugMon_Handler
                0x08001c7a        0xe ./Core/Src/stm32f4xx_it.o
                0x08001c7a                DebugMon_Handler
 .text.PendSV_Handler
                0x08001c88        0xe ./Core/Src/stm32f4xx_it.o
                0x08001c88                PendSV_Handler
 .text.SysTick_Handler
                0x08001c96        0xc ./Core/Src/stm32f4xx_it.o
                0x08001c96                SysTick_Handler
 *fill*         0x08001ca2        0x2 
 .text.TIM1_UP_TIM10_IRQHandler
                0x08001ca4       0x14 ./Core/Src/stm32f4xx_it.o
                0x08001ca4                TIM1_UP_TIM10_IRQHandler
 .text.TIM2_IRQHandler
                0x08001cb8       0x14 ./Core/Src/stm32f4xx_it.o
                0x08001cb8                TIM2_IRQHandler
 .text.TIM4_IRQHandler
                0x08001ccc       0x14 ./Core/Src/stm32f4xx_it.o
                0x08001ccc                TIM4_IRQHandler
 .text.USART1_IRQHandler
                0x08001ce0      0x16c ./Core/Src/stm32f4xx_it.o
                0x08001ce0                USART1_IRQHandler
 .text.TIM5_IRQHandler
                0x08001e4c       0x14 ./Core/Src/stm32f4xx_it.o
                0x08001e4c                TIM5_IRQHandler
 .text.TIM6_DAC_IRQHandler
                0x08001e60       0x14 ./Core/Src/stm32f4xx_it.o
                0x08001e60                TIM6_DAC_IRQHandler
 .text.DMA2_Stream2_IRQHandler
                0x08001e74       0x14 ./Core/Src/stm32f4xx_it.o
                0x08001e74                DMA2_Stream2_IRQHandler
 .text.SystemInit
                0x08001e88       0x24 ./Core/Src/system_stm32f4xx.o
                0x08001e88                SystemInit
 .text.MX_TIM1_Init
                0x08001eac       0xa0 ./Core/Src/tim.o
                0x08001eac                MX_TIM1_Init
 .text.MX_TIM2_Init
                0x08001f4c       0x9c ./Core/Src/tim.o
                0x08001f4c                MX_TIM2_Init
 .text.MX_TIM3_Init
                0x08001fe8      0x13c ./Core/Src/tim.o
                0x08001fe8                MX_TIM3_Init
 .text.MX_TIM4_Init
                0x08002124       0x9c ./Core/Src/tim.o
                0x08002124                MX_TIM4_Init
 .text.MX_TIM5_Init
                0x080021c0       0x9c ./Core/Src/tim.o
                0x080021c0                MX_TIM5_Init
 .text.MX_TIM6_Init
                0x0800225c       0x6c ./Core/Src/tim.o
                0x0800225c                MX_TIM6_Init
 .text.HAL_TIM_Base_MspInit
                0x080022c8      0x1b8 ./Core/Src/tim.o
                0x080022c8                HAL_TIM_Base_MspInit
 .text.MX_USART1_UART_Init
                0x08002480       0x54 ./Core/Src/usart.o
                0x08002480                MX_USART1_UART_Init
 .text.HAL_UART_MspInit
                0x080024d4      0x108 ./Core/Src/usart.o
                0x080024d4                HAL_UART_MspInit
 .text.Reset_Handler
                0x080025dc       0x50 ./Core/Startup/startup_stm32f407igtx.o
                0x080025dc                Reset_Handler
 .text.Default_Handler
                0x0800262c        0x2 ./Core/Startup/startup_stm32f407igtx.o
                0x0800262c                RTC_Alarm_IRQHandler
                0x0800262c                HASH_RNG_IRQHandler
                0x0800262c                EXTI2_IRQHandler
                0x0800262c                TIM8_CC_IRQHandler
                0x0800262c                TIM1_CC_IRQHandler
                0x0800262c                DMA2_Stream5_IRQHandler
                0x0800262c                DMA1_Stream5_IRQHandler
                0x0800262c                PVD_IRQHandler
                0x0800262c                SDIO_IRQHandler
                0x0800262c                TAMP_STAMP_IRQHandler
                0x0800262c                CAN2_RX1_IRQHandler
                0x0800262c                EXTI3_IRQHandler
                0x0800262c                TIM8_TRG_COM_TIM14_IRQHandler
                0x0800262c                TIM8_UP_TIM13_IRQHandler
                0x0800262c                I2C3_ER_IRQHandler
                0x0800262c                EXTI0_IRQHandler
                0x0800262c                I2C2_EV_IRQHandler
                0x0800262c                DMA1_Stream2_IRQHandler
                0x0800262c                CAN1_RX0_IRQHandler
                0x0800262c                FPU_IRQHandler
                0x0800262c                OTG_HS_WKUP_IRQHandler
                0x0800262c                CAN2_SCE_IRQHandler
                0x0800262c                SPI1_IRQHandler
                0x0800262c                TIM1_BRK_TIM9_IRQHandler
                0x0800262c                DCMI_IRQHandler
                0x0800262c                CAN2_RX0_IRQHandler
                0x0800262c                DMA2_Stream3_IRQHandler
                0x0800262c                USART6_IRQHandler
                0x0800262c                USART3_IRQHandler
                0x0800262c                CAN1_RX1_IRQHandler
                0x0800262c                UART5_IRQHandler
                0x0800262c                DMA2_Stream0_IRQHandler
                0x0800262c                I2C1_EV_IRQHandler
                0x0800262c                DMA1_Stream6_IRQHandler
                0x0800262c                DMA1_Stream1_IRQHandler
                0x0800262c                UART4_IRQHandler
                0x0800262c                TIM3_IRQHandler
                0x0800262c                RCC_IRQHandler
                0x0800262c                TIM8_BRK_TIM12_IRQHandler
                0x0800262c                Default_Handler
                0x0800262c                EXTI15_10_IRQHandler
                0x0800262c                ADC_IRQHandler
                0x0800262c                DMA1_Stream7_IRQHandler
                0x0800262c                TIM7_IRQHandler
                0x0800262c                CAN2_TX_IRQHandler
                0x0800262c                DMA2_Stream7_IRQHandler
                0x0800262c                I2C3_EV_IRQHandler
                0x0800262c                EXTI9_5_IRQHandler
                0x0800262c                RTC_WKUP_IRQHandler
                0x0800262c                ETH_WKUP_IRQHandler
                0x0800262c                SPI2_IRQHandler
                0x0800262c                OTG_HS_EP1_IN_IRQHandler
                0x0800262c                DMA1_Stream0_IRQHandler
                0x0800262c                CAN1_TX_IRQHandler
                0x0800262c                EXTI4_IRQHandler
                0x0800262c                FSMC_IRQHandler
                0x0800262c                ETH_IRQHandler
                0x0800262c                OTG_HS_EP1_OUT_IRQHandler
                0x0800262c                WWDG_IRQHandler
                0x0800262c                OTG_FS_WKUP_IRQHandler
                0x0800262c                TIM1_TRG_COM_TIM11_IRQHandler
                0x0800262c                OTG_HS_IRQHandler
                0x0800262c                EXTI1_IRQHandler
                0x0800262c                USART2_IRQHandler
                0x0800262c                I2C2_ER_IRQHandler
                0x0800262c                DMA2_Stream1_IRQHandler
                0x0800262c                CAN1_SCE_IRQHandler
                0x0800262c                FLASH_IRQHandler
                0x0800262c                DMA2_Stream4_IRQHandler
                0x0800262c                OTG_FS_IRQHandler
                0x0800262c                SPI3_IRQHandler
                0x0800262c                DMA1_Stream4_IRQHandler
                0x0800262c                I2C1_ER_IRQHandler
                0x0800262c                DMA2_Stream6_IRQHandler
                0x0800262c                DMA1_Stream3_IRQHandler
 *fill*         0x0800262e        0x2 
 .text.HAL_Init
                0x08002630       0x44 ./Drivers/STM32F4xx_HAL_Driver/Src/stm32f4xx_hal.o
                0x08002630                HAL_Init
 .text.HAL_InitTick
                0x08002674       0x60 ./Drivers/STM32F4xx_HAL_Driver/Src/stm32f4xx_hal.o
                0x08002674                HAL_InitTick
 .text.HAL_IncTick
                0x080026d4       0x28 ./Drivers/STM32F4xx_HAL_Driver/Src/stm32f4xx_hal.o
                0x080026d4                HAL_IncTick
 .text.HAL_GetTick
                0x080026fc       0x18 ./Drivers/STM32F4xx_HAL_Driver/Src/stm32f4xx_hal.o
                0x080026fc                HAL_GetTick
 .text.HAL_Delay
                0x08002714       0x48 ./Drivers/STM32F4xx_HAL_Driver/Src/stm32f4xx_hal.o
                0x08002714                HAL_Delay
 .text.__NVIC_SetPriorityGrouping
                0x0800275c       0x48 ./Drivers/STM32F4xx_HAL_Driver/Src/stm32f4xx_hal_cortex.o
 .text.__NVIC_GetPriorityGrouping
                0x080027a4       0x1c ./Drivers/STM32F4xx_HAL_Driver/Src/stm32f4xx_hal_cortex.o
 .text.__NVIC_EnableIRQ
                0x080027c0       0x3c ./Drivers/STM32F4xx_HAL_Driver/Src/stm32f4xx_hal_cortex.o
 .text.__NVIC_SetPriority
                0x080027fc       0x54 ./Drivers/STM32F4xx_HAL_Driver/Src/stm32f4xx_hal_cortex.o
 .text.NVIC_EncodePriority
                0x08002850       0x66 ./Drivers/STM32F4xx_HAL_Driver/Src/stm32f4xx_hal_cortex.o
 *fill*         0x080028b6        0x2 
 .text.SysTick_Config
                0x080028b8       0x44 ./Drivers/STM32F4xx_HAL_Driver/Src/stm32f4xx_hal_cortex.o
 .text.HAL_NVIC_SetPriorityGrouping
                0x080028fc       0x16 ./Drivers/STM32F4xx_HAL_Driver/Src/stm32f4xx_hal_cortex.o
                0x080028fc                HAL_NVIC_SetPriorityGrouping
 .text.HAL_NVIC_SetPriority
                0x08002912       0x38 ./Drivers/STM32F4xx_HAL_Driver/Src/stm32f4xx_hal_cortex.o
                0x08002912                HAL_NVIC_SetPriority
 .text.HAL_NVIC_EnableIRQ
                0x0800294a       0x1c ./Drivers/STM32F4xx_HAL_Driver/Src/stm32f4xx_hal_cortex.o
                0x0800294a                HAL_NVIC_EnableIRQ
 .text.HAL_SYSTICK_Config
                0x08002966       0x18 ./Drivers/STM32F4xx_HAL_Driver/Src/stm32f4xx_hal_cortex.o
                0x08002966                HAL_SYSTICK_Config
 *fill*         0x0800297e        0x2 
 .text.HAL_DMA_Init
                0x08002980      0x15c ./Drivers/STM32F4xx_HAL_Driver/Src/stm32f4xx_hal_dma.o
                0x08002980                HAL_DMA_Init
 .text.HAL_DMA_Start_IT
                0x08002adc       0xb0 ./Drivers/STM32F4xx_HAL_Driver/Src/stm32f4xx_hal_dma.o
                0x08002adc                HAL_DMA_Start_IT
 .text.HAL_DMA_Abort
                0x08002b8c       0xe0 ./Drivers/STM32F4xx_HAL_Driver/Src/stm32f4xx_hal_dma.o
                0x08002b8c                HAL_DMA_Abort
 .text.HAL_DMA_Abort_IT
                0x08002c6c       0x44 ./Drivers/STM32F4xx_HAL_Driver/Src/stm32f4xx_hal_dma.o
                0x08002c6c                HAL_DMA_Abort_IT
 .text.HAL_DMA_IRQHandler
                0x08002cb0      0x314 ./Drivers/STM32F4xx_HAL_Driver/Src/stm32f4xx_hal_dma.o
                0x08002cb0                HAL_DMA_IRQHandler
 .text.DMA_SetConfig
                0x08002fc4       0x5c ./Drivers/STM32F4xx_HAL_Driver/Src/stm32f4xx_hal_dma.o
 .text.DMA_CalcBaseAndBitshift
                0x08003020       0x6c ./Drivers/STM32F4xx_HAL_Driver/Src/stm32f4xx_hal_dma.o
 .text.DMA_CheckFifoParam
                0x0800308c       0xf8 ./Drivers/STM32F4xx_HAL_Driver/Src/stm32f4xx_hal_dma.o
 .text.HAL_GPIO_Init
                0x08003184      0x338 ./Drivers/STM32F4xx_HAL_Driver/Src/stm32f4xx_hal_gpio.o
                0x08003184                HAL_GPIO_Init
 .text.HAL_GPIO_WritePin
                0x080034bc       0x32 ./Drivers/STM32F4xx_HAL_Driver/Src/stm32f4xx_hal_gpio.o
                0x080034bc                HAL_GPIO_WritePin
 *fill*         0x080034ee        0x2 
 .text.HAL_RCC_OscConfig
                0x080034f0      0x4f0 ./Drivers/STM32F4xx_HAL_Driver/Src/stm32f4xx_hal_rcc.o
                0x080034f0                HAL_RCC_OscConfig
 .text.HAL_RCC_ClockConfig
                0x080039e0      0x1cc ./Drivers/STM32F4xx_HAL_Driver/Src/stm32f4xx_hal_rcc.o
                0x080039e0                HAL_RCC_ClockConfig
 .text.HAL_RCC_GetSysClockFreq
                0x08003bac      0x20c ./Drivers/STM32F4xx_HAL_Driver/Src/stm32f4xx_hal_rcc.o
                0x08003bac                HAL_RCC_GetSysClockFreq
 .text.HAL_RCC_GetHCLKFreq
                0x08003db8       0x18 ./Drivers/STM32F4xx_HAL_Driver/Src/stm32f4xx_hal_rcc.o
                0x08003db8                HAL_RCC_GetHCLKFreq
 .text.HAL_RCC_GetPCLK1Freq
                0x08003dd0       0x28 ./Drivers/STM32F4xx_HAL_Driver/Src/stm32f4xx_hal_rcc.o
                0x08003dd0                HAL_RCC_GetPCLK1Freq
 .text.HAL_RCC_GetPCLK2Freq
                0x08003df8       0x28 ./Drivers/STM32F4xx_HAL_Driver/Src/stm32f4xx_hal_rcc.o
                0x08003df8                HAL_RCC_GetPCLK2Freq
 .text.HAL_SRAM_Init
                0x08003e20       0x90 ./Drivers/STM32F4xx_HAL_Driver/Src/stm32f4xx_hal_sram.o
                0x08003e20                HAL_SRAM_Init
 .text.HAL_TIM_Base_Init
                0x08003eb0       0x9e ./Drivers/STM32F4xx_HAL_Driver/Src/stm32f4xx_hal_tim.o
                0x08003eb0                HAL_TIM_Base_Init
 *fill*         0x08003f4e        0x2 
 .text.HAL_TIM_Base_Start_IT
                0x08003f50       0xe0 ./Drivers/STM32F4xx_HAL_Driver/Src/stm32f4xx_hal_tim.o
                0x08003f50                HAL_TIM_Base_Start_IT
 .text.HAL_TIM_Base_Stop_IT
                0x08004030       0x5e ./Drivers/STM32F4xx_HAL_Driver/Src/stm32f4xx_hal_tim.o
                0x08004030                HAL_TIM_Base_Stop_IT
 .text.HAL_TIM_IC_Init
                0x0800408e       0x9e ./Drivers/STM32F4xx_HAL_Driver/Src/stm32f4xx_hal_tim.o
                0x0800408e                HAL_TIM_IC_Init
 .text.HAL_TIM_IC_MspInit
                0x0800412c       0x14 ./Drivers/STM32F4xx_HAL_Driver/Src/stm32f4xx_hal_tim.o
                0x0800412c                HAL_TIM_IC_MspInit
 .text.HAL_TIM_IRQHandler
                0x08004140      0x1e0 ./Drivers/STM32F4xx_HAL_Driver/Src/stm32f4xx_hal_tim.o
                0x08004140                HAL_TIM_IRQHandler
 .text.HAL_TIM_IC_ConfigChannel
                0x08004320      0x138 ./Drivers/STM32F4xx_HAL_Driver/Src/stm32f4xx_hal_tim.o
                0x08004320                HAL_TIM_IC_ConfigChannel
 .text.HAL_TIM_ConfigClockSource
                0x08004458      0x18e ./Drivers/STM32F4xx_HAL_Driver/Src/stm32f4xx_hal_tim.o
                0x08004458                HAL_TIM_ConfigClockSource
 .text.HAL_TIM_SlaveConfigSynchro
                0x080045e6       0x84 ./Drivers/STM32F4xx_HAL_Driver/Src/stm32f4xx_hal_tim.o
                0x080045e6                HAL_TIM_SlaveConfigSynchro
 .text.HAL_TIM_OC_DelayElapsedCallback
                0x0800466a       0x14 ./Drivers/STM32F4xx_HAL_Driver/Src/stm32f4xx_hal_tim.o
                0x0800466a                HAL_TIM_OC_DelayElapsedCallback
 .text.HAL_TIM_IC_CaptureCallback
                0x0800467e       0x14 ./Drivers/STM32F4xx_HAL_Driver/Src/stm32f4xx_hal_tim.o
                0x0800467e                HAL_TIM_IC_CaptureCallback
 .text.HAL_TIM_PWM_PulseFinishedCallback
                0x08004692       0x14 ./Drivers/STM32F4xx_HAL_Driver/Src/stm32f4xx_hal_tim.o
                0x08004692                HAL_TIM_PWM_PulseFinishedCallback
 .text.HAL_TIM_TriggerCallback
                0x080046a6       0x14 ./Drivers/STM32F4xx_HAL_Driver/Src/stm32f4xx_hal_tim.o
                0x080046a6                HAL_TIM_TriggerCallback
 *fill*         0x080046ba        0x2 
 .text.TIM_Base_SetConfig
                0x080046bc      0x14c ./Drivers/STM32F4xx_HAL_Driver/Src/stm32f4xx_hal_tim.o
                0x080046bc                TIM_Base_SetConfig
 .text.TIM_SlaveTimer_SetConfig
                0x08004808      0x122 ./Drivers/STM32F4xx_HAL_Driver/Src/stm32f4xx_hal_tim.o
 *fill*         0x0800492a        0x2 
 .text.TIM_TI1_SetConfig
                0x0800492c       0xe8 ./Drivers/STM32F4xx_HAL_Driver/Src/stm32f4xx_hal_tim.o
                0x0800492c                TIM_TI1_SetConfig
 .text.TIM_TI1_ConfigInputStage
                0x08004a14       0x5e ./Drivers/STM32F4xx_HAL_Driver/Src/stm32f4xx_hal_tim.o
 .text.TIM_TI2_SetConfig
                0x08004a72       0x7a ./Drivers/STM32F4xx_HAL_Driver/Src/stm32f4xx_hal_tim.o
 .text.TIM_TI2_ConfigInputStage
                0x08004aec       0x60 ./Drivers/STM32F4xx_HAL_Driver/Src/stm32f4xx_hal_tim.o
 .text.TIM_TI3_SetConfig
                0x08004b4c       0x78 ./Drivers/STM32F4xx_HAL_Driver/Src/stm32f4xx_hal_tim.o
 .text.TIM_TI4_SetConfig
                0x08004bc4       0x7a ./Drivers/STM32F4xx_HAL_Driver/Src/stm32f4xx_hal_tim.o
 .text.TIM_ITRx_SetConfig
                0x08004c3e       0x36 ./Drivers/STM32F4xx_HAL_Driver/Src/stm32f4xx_hal_tim.o
 .text.TIM_ETR_SetConfig
                0x08004c74       0x40 ./Drivers/STM32F4xx_HAL_Driver/Src/stm32f4xx_hal_tim.o
                0x08004c74                TIM_ETR_SetConfig
 .text.HAL_TIMEx_MasterConfigSynchronization
                0x08004cb4       0xf8 ./Drivers/STM32F4xx_HAL_Driver/Src/stm32f4xx_hal_tim_ex.o
                0x08004cb4                HAL_TIMEx_MasterConfigSynchronization
 .text.HAL_TIMEx_CommutCallback
                0x08004dac       0x14 ./Drivers/STM32F4xx_HAL_Driver/Src/stm32f4xx_hal_tim_ex.o
                0x08004dac                HAL_TIMEx_CommutCallback
 .text.HAL_TIMEx_BreakCallback
                0x08004dc0       0x14 ./Drivers/STM32F4xx_HAL_Driver/Src/stm32f4xx_hal_tim_ex.o
                0x08004dc0                HAL_TIMEx_BreakCallback
 .text.HAL_UART_Init
                0x08004dd4       0xa0 ./Drivers/STM32F4xx_HAL_Driver/Src/stm32f4xx_hal_uart.o
                0x08004dd4                HAL_UART_Init
 .text.HAL_UART_Receive_DMA
                0x08004e74       0x4a ./Drivers/STM32F4xx_HAL_Driver/Src/stm32f4xx_hal_uart.o
                0x08004e74                HAL_UART_Receive_DMA
 *fill*         0x08004ebe        0x2 
 .text.HAL_UART_IRQHandler
                0x08004ec0      0x554 ./Drivers/STM32F4xx_HAL_Driver/Src/stm32f4xx_hal_uart.o
                0x08004ec0                HAL_UART_IRQHandler
 .text.HAL_UART_TxCpltCallback
                0x08005414       0x14 ./Drivers/STM32F4xx_HAL_Driver/Src/stm32f4xx_hal_uart.o
                0x08005414                HAL_UART_TxCpltCallback
 .text.HAL_UART_RxCpltCallback
                0x08005428       0x14 ./Drivers/STM32F4xx_HAL_Driver/Src/stm32f4xx_hal_uart.o
                0x08005428                HAL_UART_RxCpltCallback
 .text.HAL_UART_RxHalfCpltCallback
                0x0800543c       0x14 ./Drivers/STM32F4xx_HAL_Driver/Src/stm32f4xx_hal_uart.o
                0x0800543c                HAL_UART_RxHalfCpltCallback
 .text.HAL_UART_ErrorCallback
                0x08005450       0x14 ./Drivers/STM32F4xx_HAL_Driver/Src/stm32f4xx_hal_uart.o
                0x08005450                HAL_UART_ErrorCallback
 .text.HAL_UARTEx_RxEventCallback
                0x08005464       0x18 ./Drivers/STM32F4xx_HAL_Driver/Src/stm32f4xx_hal_uart.o
                0x08005464                HAL_UARTEx_RxEventCallback
 .text.UART_DMAReceiveCplt
                0x0800547c      0x12c ./Drivers/STM32F4xx_HAL_Driver/Src/stm32f4xx_hal_uart.o
 .text.UART_DMARxHalfCplt
                0x080055a8       0x3c ./Drivers/STM32F4xx_HAL_Driver/Src/stm32f4xx_hal_uart.o
 .text.UART_DMAError
                0x080055e4       0x94 ./Drivers/STM32F4xx_HAL_Driver/Src/stm32f4xx_hal_uart.o
 .text.UART_Start_Receive_DMA
                0x08005678      0x14c ./Drivers/STM32F4xx_HAL_Driver/Src/stm32f4xx_hal_uart.o
                0x08005678                UART_Start_Receive_DMA
 .text.UART_EndTxTransfer
                0x080057c4       0x50 ./Drivers/STM32F4xx_HAL_Driver/Src/stm32f4xx_hal_uart.o
 .text.UART_EndRxTransfer
                0x08005814       0xc6 ./Drivers/STM32F4xx_HAL_Driver/Src/stm32f4xx_hal_uart.o
 .text.UART_DMAAbortOnError
                0x080058da       0x22 ./Drivers/STM32F4xx_HAL_Driver/Src/stm32f4xx_hal_uart.o
 .text.UART_Transmit_IT
                0x080058fc       0xa0 ./Drivers/STM32F4xx_HAL_Driver/Src/stm32f4xx_hal_uart.o
 .text.UART_EndTransmit_IT
                0x0800599c       0x30 ./Drivers/STM32F4xx_HAL_Driver/Src/stm32f4xx_hal_uart.o
 .text.UART_Receive_IT
                0x080059cc      0x17c ./Drivers/STM32F4xx_HAL_Driver/Src/stm32f4xx_hal_uart.o
 .text.UART_SetConfig
                0x08005b48      0x4e8 ./Drivers/STM32F4xx_HAL_Driver/Src/stm32f4xx_hal_uart.o
 .text.FSMC_NORSRAM_Init
                0x08006030       0xd4 ./Drivers/STM32F4xx_HAL_Driver/Src/stm32f4xx_ll_fsmc.o
                0x08006030                FSMC_NORSRAM_Init
 .text.FSMC_NORSRAM_Timing_Init
                0x08006104       0x5c ./Drivers/STM32F4xx_HAL_Driver/Src/stm32f4xx_ll_fsmc.o
                0x08006104                FSMC_NORSRAM_Timing_Init
 .text.FSMC_NORSRAM_Extended_Timing_Init
                0x08006160       0x70 ./Drivers/STM32F4xx_HAL_Driver/Src/stm32f4xx_ll_fsmc.o
                0x08006160                FSMC_NORSRAM_Extended_Timing_Init
 .text.memset   0x080061d0       0x10 C:/ST/STM32CubeIDE_1.15.0/STM32CubeIDE/plugins/com.st.stm32cube.ide.mcu.externaltools.gnu-tools-for-stm32.13.3.rel1.win32_1.0.0.202411081344/tools/bin/../lib/gcc/arm-none-eabi/13.3.1/../../../../arm-none-eabi/lib/thumb/v7e-m+fp/hard\libc_nano.a(libc_a-memset.o)
                0x080061d0                memset
 .text.__libc_init_array
                0x080061e0       0x48 C:/ST/STM32CubeIDE_1.15.0/STM32CubeIDE/plugins/com.st.stm32cube.ide.mcu.externaltools.gnu-tools-for-stm32.13.3.rel1.win32_1.0.0.202411081344/tools/bin/../lib/gcc/arm-none-eabi/13.3.1/../../../../arm-none-eabi/lib/thumb/v7e-m+fp/hard\libc_nano.a(libc_a-init.o)
                0x080061e0                __libc_init_array
 *(.glue_7)
 .glue_7        0x08006228        0x0 linker stubs
 *(.glue_7t)
 .glue_7t       0x08006228        0x0 linker stubs
 *(.eh_frame)
 .eh_frame      0x08006228        0x0 C:/ST/STM32CubeIDE_1.15.0/STM32CubeIDE/plugins/com.st.stm32cube.ide.mcu.externaltools.gnu-tools-for-stm32.13.3.rel1.win32_1.0.0.202411081344/tools/bin/../lib/gcc/arm-none-eabi/13.3.1/thumb/v7e-m+fp/hard/crtbegin.o
 *(.init)
 .init          0x08006228        0x4 C:/ST/STM32CubeIDE_1.15.0/STM32CubeIDE/plugins/com.st.stm32cube.ide.mcu.externaltools.gnu-tools-for-stm32.13.3.rel1.win32_1.0.0.202411081344/tools/bin/../lib/gcc/arm-none-eabi/13.3.1/thumb/v7e-m+fp/hard/crti.o
                0x08006228                _init
 .init          0x0800622c        0x8 C:/ST/STM32CubeIDE_1.15.0/STM32CubeIDE/plugins/com.st.stm32cube.ide.mcu.externaltools.gnu-tools-for-stm32.13.3.rel1.win32_1.0.0.202411081344/tools/bin/../lib/gcc/arm-none-eabi/13.3.1/thumb/v7e-m+fp/hard/crtn.o
 *(.fini)
 .fini          0x08006234        0x4 C:/ST/STM32CubeIDE_1.15.0/STM32CubeIDE/plugins/com.st.stm32cube.ide.mcu.externaltools.gnu-tools-for-stm32.13.3.rel1.win32_1.0.0.202411081344/tools/bin/../lib/gcc/arm-none-eabi/13.3.1/thumb/v7e-m+fp/hard/crti.o
                0x08006234                _fini
 .fini          0x08006238        0x8 C:/ST/STM32CubeIDE_1.15.0/STM32CubeIDE/plugins/com.st.stm32cube.ide.mcu.externaltools.gnu-tools-for-stm32.13.3.rel1.win32_1.0.0.202411081344/tools/bin/../lib/gcc/arm-none-eabi/13.3.1/thumb/v7e-m+fp/hard/crtn.o
                0x08006240                        . = ALIGN (0x4)
                0x08006240                        _etext = .

.vfp11_veneer   0x08006240        0x0
 .vfp11_veneer  0x08006240        0x0 linker stubs

.v4_bx          0x08006240        0x0
 .v4_bx         0x08006240        0x0 linker stubs

.iplt           0x08006240        0x0
 .iplt          0x08006240        0x0 C:/ST/STM32CubeIDE_1.15.0/STM32CubeIDE/plugins/com.st.stm32cube.ide.mcu.externaltools.gnu-tools-for-stm32.13.3.rel1.win32_1.0.0.202411081344/tools/bin/../lib/gcc/arm-none-eabi/13.3.1/thumb/v7e-m+fp/hard/crtbegin.o

.rodata         0x08006240    0x834f4
                0x08006240                        . = ALIGN (0x4)
 *(.rodata)
 *(.rodata*)
 .rodata.bear   0x08006240     0x4b00 ./Core/Images/animals/bear.o
                0x08006240                bear
 .rodata.cap    0x0800ad40     0x4bf0 ./Core/Images/animals/cap.o
                0x0800ad40                cap
 .rodata.cow    0x0800f930     0x4b00 ./Core/Images/animals/cow.o
                0x0800f930                cow
 .rodata.fish   0x08014430     0x4b00 ./Core/Images/animals/fish.o
                0x08014430                fish
 .rodata.hen    0x08018f30     0x4b00 ./Core/Images/animals/hen.o
                0x08018f30                hen
 .rodata.lamb   0x0801da30     0x4b00 ./Core/Images/animals/lamb.o
                0x0801da30                lamb
 .rodata.pig    0x08022530     0x4b00 ./Core/Images/animals/pig.o
                0x08022530                pig
 .rodata.rabbit
                0x08027030     0x4b00 ./Core/Images/animals/rabbit.o
                0x08027030                rabbit
 .rodata.tea    0x0802bb30     0x4b00 ./Core/Images/animals/tea.o
                0x0802bb30                tea
 .rodata.termo  0x08030630     0x4b00 ./Core/Images/animals/termo.o
                0x08030630                termo
 .rodata.cooler_0
                0x08035130     0x1450 ./Core/Images/cooler/cooler_0.o
                0x08035130                cooler_0
 .rodata.cooler_180
                0x08036580     0x1450 ./Core/Images/cooler/cooler_180.o
                0x08036580                cooler_180
 .rodata.zero_green
                0x080379d0      0x41a ./Core/Images/digit_green/0zero_green.o
                0x080379d0                zero_green
 *fill*         0x08037dea        0x2 
 .rodata.one_green
                0x08037dec      0x41a ./Core/Images/digit_green/1one_green.o
                0x08037dec                one_green
 *fill*         0x08038206        0x2 
 .rodata.two_green
                0x08038208      0x41a ./Core/Images/digit_green/2two_green.o
                0x08038208                two_green
 *fill*         0x08038622        0x2 
 .rodata.three_green
                0x08038624      0x41a ./Core/Images/digit_green/3three_green.o
                0x08038624                three_green
 *fill*         0x08038a3e        0x2 
 .rodata.four_green
                0x08038a40      0x41a ./Core/Images/digit_green/4four_green.o
                0x08038a40                four_green
 *fill*         0x08038e5a        0x2 
 .rodata.five_green
                0x08038e5c      0x41a ./Core/Images/digit_green/5five_green.o
                0x08038e5c                five_green
 *fill*         0x08039276        0x2 
 .rodata.six_green
                0x08039278      0x41a ./Core/Images/digit_green/6six_green.o
                0x08039278                six_green
 *fill*         0x08039692        0x2 
 .rodata.seven_green
                0x08039694      0x41a ./Core/Images/digit_green/7seven_green.o
                0x08039694                seven_green
 *fill*         0x08039aae        0x2 
 .rodata.eight_green
                0x08039ab0      0x41a ./Core/Images/digit_green/8eight_green.o
                0x08039ab0                eight_green
 *fill*         0x08039eca        0x2 
 .rodata.nine_green
                0x08039ecc      0x41a ./Core/Images/digit_green/9nine_green.o
                0x08039ecc                nine_green
 *fill*         0x0803a2e6        0x2 
 .rodata.zero   0x0803a2e8      0x708 ./Core/Images/digit_white/0zero.o
                0x0803a2e8                zero
 .rodata.one    0x0803a9f0      0x708 ./Core/Images/digit_white/1one.o
                0x0803a9f0                one
 .rodata.two    0x0803b0f8      0x708 ./Core/Images/digit_white/2two.o
                0x0803b0f8                two
 .rodata.three  0x0803b800      0x708 ./Core/Images/digit_white/3three.o
                0x0803b800                three
 .rodata.four   0x0803bf08      0x708 ./Core/Images/digit_white/4four.o
                0x0803bf08                four
 .rodata.five   0x0803c610      0x708 ./Core/Images/digit_white/5five.o
                0x0803c610                five
 .rodata.six    0x0803cd18      0x708 ./Core/Images/digit_white/6six.o
                0x0803cd18                six
 .rodata.seven  0x0803d420      0x708 ./Core/Images/digit_white/7seven.o
                0x0803d420                seven
 .rodata.eight  0x0803db28      0x708 ./Core/Images/digit_white/8eight.o
                0x0803db28                eight
 .rodata.nine   0x0803e230      0x708 ./Core/Images/digit_white/9nine.o
                0x0803e230                nine
 .rodata.zero_big
                0x0803e938     0x1068 ./Core/Images/digit_white_big/0zero_big.o
                0x0803e938                zero_big
 .rodata.one_big
                0x0803f9a0     0x1068 ./Core/Images/digit_white_big/1one_big.o
                0x0803f9a0                one_big
 .rodata.two_big
                0x08040a08     0x1068 ./Core/Images/digit_white_big/2two_big.o
                0x08040a08                two_big
 .rodata.three_big
                0x08041a70     0x1068 ./Core/Images/digit_white_big/3three_big.o
                0x08041a70                three_big
 .rodata.four_big
                0x08042ad8     0x1068 ./Core/Images/digit_white_big/4four_big.o
                0x08042ad8                four_big
 .rodata.five_big
                0x08043b40     0x1068 ./Core/Images/digit_white_big/5five_big.o
                0x08043b40                five_big
 .rodata.six_big
                0x08044ba8     0x1068 ./Core/Images/digit_white_big/6six_big.o
                0x08044ba8                six_big
 .rodata.seven_big
                0x08045c10     0x1068 ./Core/Images/digit_white_big/7seven_big.o
                0x08045c10                seven_big
 .rodata.eight_big
                0x08046c78     0x1068 ./Core/Images/digit_white_big/8eight_big.o
                0x08046c78                eight_big
 .rodata.nine_big
                0x08047ce0     0x1068 ./Core/Images/digit_white_big/9nine_big.o
                0x08047ce0                nine_big
 .rodata.fire   0x08048d48     0x18cc ./Core/Images/fire/fire.o
                0x08048d48                fire
 .rodata.fire_180
                0x0804a614     0x18cc ./Core/Images/fire/fire_180.o
                0x0804a614                fire_180
 .rodata.fire_90
                0x0804bee0     0x1870 ./Core/Images/fire/fire_90.o
                0x0804bee0                fire_90
 .rodata.fire_off
                0x0804d750     0x2904 ./Core/Images/fire/fire_off.o
                0x0804d750                fire_off
 .rodata.fire_off_90
                0x08050054     0x1870 ./Core/Images/fire/fire_off_90.o
                0x08050054                fire_off_90
 .rodata.barbecue
                0x080518c4     0x20d0 ./Core/Images/img_com/barbecue.o
                0x080518c4                barbecue
 .rodata.dots   0x08053994       0xfa ./Core/Images/img_com/dots.o
                0x08053994                dots
 *fill*         0x08053a8e        0x2 
 .rodata.dots_off
                0x08053a90       0xfa ./Core/Images/img_com/dots_off.o
                0x08053a90                dots_off
 *fill*         0x08053b8a        0x2 
 .rodata.grad_C
                0x08053b8c       0x80 ./Core/Images/img_com/grad_C.o
                0x08053b8c                grad_C
 .rodata.grad_w
                0x08053c0c      0x200 ./Core/Images/img_com/grad_w.o
                0x08053c0c                grad_w
 .rodata.off    0x08053e0c    0x21d20 ./Core/Images/img_com/off.o
                0x08053e0c                off
 .rodata.regulator
                0x08075b2c      0x992 ./Core/Images/img_com/regulator.o
                0x08075b2c                regulator
 *fill*         0x080764be        0x2 
 .rodata.termometr
                0x080764c0      0x3d4 ./Core/Images/img_com/termometr.o
                0x080764c0                termometr
 .rodata.termometr_big
                0x08076894     0x1540 ./Core/Images/img_com/termometr_big.o
                0x08076894                termometr_big
 .rodata.conv_txt
                0x08077dd4     0x1c20 ./Core/Images/words/convekcia.o
                0x08077dd4                conv_txt
 .rodata.culinar
                0x080799f4     0x1c20 ./Core/Images/words/culinar.o
                0x080799f4                culinar
 .rodata.grill  0x0807b614     0x1c20 ./Core/Images/words/grill.o
                0x0807b614                grill
 .rodata.intensiv
                0x0807d234     0x1c20 ./Core/Images/words/intensiv.o
                0x0807d234                intensiv
 .rodata.pred   0x0807ee54     0x1c20 ./Core/Images/words/pred.o
                0x0807ee54                pred
 .rodata.standart
                0x08080a74     0x1c20 ./Core/Images/words/standart.o
                0x08080a74                standart
 .rodata.sushca
                0x08082694     0x1c20 ./Core/Images/words/sushca.o
                0x08082694                sushca
 .rodata.svet   0x080842b4     0x1c20 ./Core/Images/words/svet.o
                0x080842b4                svet
 .rodata.temperature
                0x08085ed4     0x1c20 ./Core/Images/words/temperature.o
                0x08085ed4                temperature
 .rodata.zapec  0x08087af4     0x1c20 ./Core/Images/words/zapekanie.o
                0x08087af4                zapec
 .rodata.AHBPrescTable
                0x08089714       0x10 ./Core/Src/system_stm32f4xx.o
                0x08089714                AHBPrescTable
 .rodata.APBPrescTable
                0x08089724        0x8 ./Core/Src/system_stm32f4xx.o
                0x08089724                APBPrescTable
 .rodata.flagBitshiftOffset.0
                0x0808972c        0x8 ./Drivers/STM32F4xx_HAL_Driver/Src/stm32f4xx_hal_dma.o
                0x08089734                        . = ALIGN (0x4)

.ARM.extab      0x08089734        0x0
                0x08089734                        . = ALIGN (0x4)
 *(.ARM.extab* .gnu.linkonce.armextab.*)
                0x08089734                        . = ALIGN (0x4)

.ARM            0x08089734        0x8
                0x08089734                        . = ALIGN (0x4)
                0x08089734                        __exidx_start = .
 *(.ARM.exidx*)
 .ARM.exidx     0x08089734        0x8 C:/ST/STM32CubeIDE_1.15.0/STM32CubeIDE/plugins/com.st.stm32cube.ide.mcu.externaltools.gnu-tools-for-stm32.13.3.rel1.win32_1.0.0.202411081344/tools/bin/../lib/gcc/arm-none-eabi/13.3.1/thumb/v7e-m+fp/hard\libgcc.a(_udivmoddi4.o)
                0x0808973c                        __exidx_end = .
                0x0808973c                        . = ALIGN (0x4)

.rel.dyn        0x0808973c        0x0
 .rel.iplt      0x0808973c        0x0 C:/ST/STM32CubeIDE_1.15.0/STM32CubeIDE/plugins/com.st.stm32cube.ide.mcu.externaltools.gnu-tools-for-stm32.13.3.rel1.win32_1.0.0.202411081344/tools/bin/../lib/gcc/arm-none-eabi/13.3.1/thumb/v7e-m+fp/hard/crtbegin.o

.preinit_array  0x0808973c        0x0
                0x0808973c                        . = ALIGN (0x4)
                0x0808973c                        PROVIDE (__preinit_array_start = .)
 *(.preinit_array*)
                0x0808973c                        PROVIDE (__preinit_array_end = .)
                0x0808973c                        . = ALIGN (0x4)

.init_array     0x0808973c        0x4
                0x0808973c                        . = ALIGN (0x4)
                0x0808973c                        PROVIDE (__init_array_start = .)
 *(SORT_BY_NAME(.init_array.*))
 *(.init_array*)
 .init_array    0x0808973c        0x4 C:/ST/STM32CubeIDE_1.15.0/STM32CubeIDE/plugins/com.st.stm32cube.ide.mcu.externaltools.gnu-tools-for-stm32.13.3.rel1.win32_1.0.0.202411081344/tools/bin/../lib/gcc/arm-none-eabi/13.3.1/thumb/v7e-m+fp/hard/crtbegin.o
                0x08089740                        PROVIDE (__init_array_end = .)
                0x08089740                        . = ALIGN (0x4)

.fini_array     0x08089740        0x4
                0x08089740                        . = ALIGN (0x4)
                [!provide]                        PROVIDE (__fini_array_start = .)
 *(SORT_BY_NAME(.fini_array.*))
 *(.fini_array*)
 .fini_array    0x08089740        0x4 C:/ST/STM32CubeIDE_1.15.0/STM32CubeIDE/plugins/com.st.stm32cube.ide.mcu.externaltools.gnu-tools-for-stm32.13.3.rel1.win32_1.0.0.202411081344/tools/bin/../lib/gcc/arm-none-eabi/13.3.1/thumb/v7e-m+fp/hard/crtbegin.o
                [!provide]                        PROVIDE (__fini_array_end = .)
                0x08089744                        . = ALIGN (0x4)
                0x08089744                        _sidata = LOADADDR (.data)

.data           0x20000000       0xf8 load address 0x08089744
                0x20000000                        . = ALIGN (0x4)
                0x20000000                        _sdata = .
 *(.data)
 *(.data*)
 .data.ptr_animals
                0x20000000       0x2c ./Core/Src/images.o
                0x20000000                ptr_animals
 .data.ptr_words
                0x2000002c       0x2c ./Core/Src/images.o
                0x2000002c                ptr_words
 .data.ptr_digitwhite
                0x20000058       0x28 ./Core/Src/images.o
                0x20000058                ptr_digitwhite
 .data.ptr_digitwhite_big
                0x20000080       0x28 ./Core/Src/images.o
                0x20000080                ptr_digitwhite_big
 .data.ptr_digitgreen
                0x200000a8       0x28 ./Core/Src/images.o
                0x200000a8                ptr_digitgreen
 .data.ptr_fire
                0x200000d0        0x8 ./Core/Src/images.o
                0x200000d0                ptr_fire
 .data.ptr_fire_90
                0x200000d8        0x8 ./Core/Src/images.o
                0x200000d8                ptr_fire_90
 .data.ptr_fire_180
                0x200000e0        0x8 ./Core/Src/images.o
                0x200000e0                ptr_fire_180
 .data.hh       0x200000e8        0x1 ./Core/Src/main.o
                0x200000e8                hh
 *fill*         0x200000e9        0x3 
 .data.SystemCoreClock
                0x200000ec        0x4 ./Core/Src/system_stm32f4xx.o
                0x200000ec                SystemCoreClock
 .data.uwTickPrio
                0x200000f0        0x4 ./Drivers/STM32F4xx_HAL_Driver/Src/stm32f4xx_hal.o
                0x200000f0                uwTickPrio
 .data.uwTickFreq
                0x200000f4        0x1 ./Drivers/STM32F4xx_HAL_Driver/Src/stm32f4xx_hal.o
                0x200000f4                uwTickFreq
 *(.RamFunc)
 *(.RamFunc*)
                0x200000f8                        . = ALIGN (0x4)
 *fill*         0x200000f5        0x3 
                0x200000f8                        _edata = .
                0x0808983c                        _siccmram = LOADADDR (.ccmram)

.igot.plt       0x200000f8        0x0 load address 0x0808983c
 .igot.plt      0x200000f8        0x0 C:/ST/STM32CubeIDE_1.15.0/STM32CubeIDE/plugins/com.st.stm32cube.ide.mcu.externaltools.gnu-tools-for-stm32.13.3.rel1.win32_1.0.0.202411081344/tools/bin/../lib/gcc/arm-none-eabi/13.3.1/thumb/v7e-m+fp/hard/crtbegin.o

.ccmram         0x10000000        0x0 load address 0x0808983c
                0x10000000                        . = ALIGN (0x4)
                0x10000000                        _sccmram = .
 *(.ccmram)
 *(.ccmram*)
                0x10000000                        . = ALIGN (0x4)
                0x10000000                        _eccmram = .
                0x10000000                        . = ALIGN (0x4)

.bss            0x200000f8      0x33c
                0x200000f8                        _sbss = .
                0x200000f8                        __bss_start__ = _sbss
 *(.bss)
 .bss           0x200000f8       0x1c C:/ST/STM32CubeIDE_1.15.0/STM32CubeIDE/plugins/com.st.stm32cube.ide.mcu.externaltools.gnu-tools-for-stm32.13.3.rel1.win32_1.0.0.202411081344/tools/bin/../lib/gcc/arm-none-eabi/13.3.1/thumb/v7e-m+fp/hard/crtbegin.o
 *(.bss*)
 .bss.hsram1    0x20000114       0x50 ./Core/Src/fsmc.o
                0x20000114                hsram1
 .bss.FSMC_Initialized
                0x20000164        0x4 ./Core/Src/fsmc.o
 .bss.rxBuffer  0x20000168       0x40 ./Core/Src/images.o
                0x20000168                rxBuffer
 .bss.buff_new  0x200001a8       0x14 ./Core/Src/images.o
                0x200001a8                buff_new
 .bss.old_watch
                0x200001bc        0x1 ./Core/Src/images.o
 .bss.old_fire  0x200001bd        0x1 ./Core/Src/images.o
 .bss.old_fire_90
                0x200001be        0x1 ./Core/Src/images.o
 .bss.old_fire_180
                0x200001bf        0x1 ./Core/Src/images.o
 .bss.old_mode_2
                0x200001c0        0x1 ./Core/Src/images.o
 .bss.new_one_min
                0x200001c1        0x1 ./Core/Src/images.o
                0x200001c1                new_one_min
 .bss.new_dec_min
                0x200001c2        0x1 ./Core/Src/images.o
                0x200001c2                new_dec_min
 .bss.new_one_h
                0x200001c3        0x1 ./Core/Src/images.o
                0x200001c3                new_one_h
 .bss.new_dec_h
                0x200001c4        0x1 ./Core/Src/images.o
                0x200001c4                new_dec_h
 .bss.new_temp1
                0x200001c5        0x1 ./Core/Src/images.o
                0x200001c5                new_temp1
 .bss.new_temp2
                0x200001c6        0x1 ./Core/Src/images.o
                0x200001c6                new_temp2
 .bss.new_temp3
                0x200001c7        0x1 ./Core/Src/images.o
                0x200001c7                new_temp3
 .bss.new_tempset1
                0x200001c8        0x1 ./Core/Src/images.o
                0x200001c8                new_tempset1
 .bss.new_tempset2
                0x200001c9        0x1 ./Core/Src/images.o
                0x200001c9                new_tempset2
 .bss.new_tempset3
                0x200001ca        0x1 ./Core/Src/images.o
                0x200001ca                new_tempset3
 .bss.new_set   0x200001cb        0x1 ./Core/Src/images.o
                0x200001cb                new_set
 .bss.new_watch
                0x200001cc        0x1 ./Core/Src/images.o
                0x200001cc                new_watch
 .bss.new_fire  0x200001cd        0x1 ./Core/Src/images.o
                0x200001cd                new_fire
 .bss.new_fire_90
                0x200001ce        0x1 ./Core/Src/images.o
                0x200001ce                new_fire_90
 .bss.new_fire_180
                0x200001cf        0x1 ./Core/Src/images.o
                0x200001cf                new_fire_180
 .bss.new_tmp_plt1
                0x200001d0        0x1 ./Core/Src/images.o
                0x200001d0                new_tmp_plt1
 .bss.new_tmp_plt2
                0x200001d1        0x1 ./Core/Src/images.o
                0x200001d1                new_tmp_plt2
 .bss.new_mode_2
                0x200001d2        0x1 ./Core/Src/images.o
                0x200001d2                new_mode_2
 .bss.var_off   0x200001d3        0x1 ./Core/Src/images.o
 .bss.dots_img  0x200001d4        0x1 ./Core/Src/images.o
 .bss.cool_img  0x200001d5        0x1 ./Core/Src/images.o
 *fill*         0x200001d6        0x2 
 .bss.htim1     0x200001d8       0x48 ./Core/Src/tim.o
                0x200001d8                htim1
 .bss.htim2     0x20000220       0x48 ./Core/Src/tim.o
                0x20000220                htim2
 .bss.htim3     0x20000268       0x48 ./Core/Src/tim.o
                0x20000268                htim3
 .bss.htim4     0x200002b0       0x48 ./Core/Src/tim.o
                0x200002b0                htim4
 .bss.htim5     0x200002f8       0x48 ./Core/Src/tim.o
                0x200002f8                htim5
 .bss.htim6     0x20000340       0x48 ./Core/Src/tim.o
                0x20000340                htim6
 .bss.huart1    0x20000388       0x48 ./Core/Src/usart.o
                0x20000388                huart1
 .bss.hdma_usart1_rx
                0x200003d0       0x60 ./Core/Src/usart.o
                0x200003d0                hdma_usart1_rx
 .bss.uwTick    0x20000430        0x4 ./Drivers/STM32F4xx_HAL_Driver/Src/stm32f4xx_hal.o
                0x20000430                uwTick
 *(COMMON)
                0x20000434                        . = ALIGN (0x4)
                0x20000434                        _ebss = .
                0x20000434                        __bss_end__ = _ebss

._user_heap_stack
                0x20000434      0x604
                0x20000438                        . = ALIGN (0x8)
 *fill*         0x20000434        0x4 
                [!provide]                        PROVIDE (end = .)
                0x20000438                        PROVIDE (_end = .)
                0x20000638                        . = (. + _Min_Heap_Size)
 *fill*         0x20000438      0x200 
                0x20000a38                        . = (. + _Min_Stack_Size)
 *fill*         0x20000638      0x400 
                0x20000a38                        . = ALIGN (0x8)

/DISCARD/
 libc.a(*)
 libm.a(*)
 libgcc.a(*)

.ARM.attributes
                0x00000000       0x30
 *(.ARM.attributes)
 .ARM.attributes
                0x00000000       0x22 C:/ST/STM32CubeIDE_1.15.0/STM32CubeIDE/plugins/com.st.stm32cube.ide.mcu.externaltools.gnu-tools-for-stm32.13.3.rel1.win32_1.0.0.202411081344/tools/bin/../lib/gcc/arm-none-eabi/13.3.1/thumb/v7e-m+fp/hard/crti.o
 .ARM.attributes
                0x00000022       0x34 C:/ST/STM32CubeIDE_1.15.0/STM32CubeIDE/plugins/com.st.stm32cube.ide.mcu.externaltools.gnu-tools-for-stm32.13.3.rel1.win32_1.0.0.202411081344/tools/bin/../lib/gcc/arm-none-eabi/13.3.1/thumb/v7e-m+fp/hard/crtbegin.o
 .ARM.attributes
                0x00000056       0x34 ./Core/Images/animals/bear.o
 .ARM.attributes
                0x0000008a       0x34 ./Core/Images/animals/cap.o
 .ARM.attributes
                0x000000be       0x34 ./Core/Images/animals/cow.o
 .ARM.attributes
                0x000000f2       0x34 ./Core/Images/animals/fish.o
 .ARM.attributes
                0x00000126       0x34 ./Core/Images/animals/hen.o
 .ARM.attributes
                0x0000015a       0x34 ./Core/Images/animals/lamb.o
 .ARM.attributes
                0x0000018e       0x34 ./Core/Images/animals/pig.o
 .ARM.attributes
                0x000001c2       0x34 ./Core/Images/animals/rabbit.o
 .ARM.attributes
                0x000001f6       0x34 ./Core/Images/animals/tea.o
 .ARM.attributes
                0x0000022a       0x34 ./Core/Images/animals/termo.o
 .ARM.attributes
                0x0000025e       0x34 ./Core/Images/cooler/cooler_0.o
 .ARM.attributes
                0x00000292       0x34 ./Core/Images/cooler/cooler_180.o
 .ARM.attributes
                0x000002c6       0x34 ./Core/Images/digit_green/0zero_green.o
 .ARM.attributes
                0x000002fa       0x34 ./Core/Images/digit_green/1one_green.o
 .ARM.attributes
                0x0000032e       0x34 ./Core/Images/digit_green/2two_green.o
 .ARM.attributes
                0x00000362       0x34 ./Core/Images/digit_green/3three_green.o
 .ARM.attributes
                0x00000396       0x34 ./Core/Images/digit_green/4four_green.o
 .ARM.attributes
                0x000003ca       0x34 ./Core/Images/digit_green/5five_green.o
 .ARM.attributes
                0x000003fe       0x34 ./Core/Images/digit_green/6six_green.o
 .ARM.attributes
                0x00000432       0x34 ./Core/Images/digit_green/7seven_green.o
 .ARM.attributes
                0x00000466       0x34 ./Core/Images/digit_green/8eight_green.o
 .ARM.attributes
                0x0000049a       0x34 ./Core/Images/digit_green/9nine_green.o
 .ARM.attributes
                0x000004ce       0x34 ./Core/Images/digit_white/0zero.o
 .ARM.attributes
                0x00000502       0x34 ./Core/Images/digit_white/1one.o
 .ARM.attributes
                0x00000536       0x34 ./Core/Images/digit_white/2two.o
 .ARM.attributes
                0x0000056a       0x34 ./Core/Images/digit_white/3three.o
 .ARM.attributes
                0x0000059e       0x34 ./Core/Images/digit_white/4four.o
 .ARM.attributes
                0x000005d2       0x34 ./Core/Images/digit_white/5five.o
 .ARM.attributes
                0x00000606       0x34 ./Core/Images/digit_white/6six.o
 .ARM.attributes
                0x0000063a       0x34 ./Core/Images/digit_white/7seven.o
 .ARM.attributes
                0x0000066e       0x34 ./Core/Images/digit_white/8eight.o
 .ARM.attributes
                0x000006a2       0x34 ./Core/Images/digit_white/9nine.o
 .ARM.attributes
                0x000006d6       0x34 ./Core/Images/digit_white_big/0zero_big.o
 .ARM.attributes
                0x0000070a       0x34 ./Core/Images/digit_white_big/1one_big.o
 .ARM.attributes
                0x0000073e       0x34 ./Core/Images/digit_white_big/2two_big.o
 .ARM.attributes
                0x00000772       0x34 ./Core/Images/digit_white_big/3three_big.o
 .ARM.attributes
                0x000007a6       0x34 ./Core/Images/digit_white_big/4four_big.o
 .ARM.attributes
                0x000007da       0x34 ./Core/Images/digit_white_big/5five_big.o
 .ARM.attributes
                0x0000080e       0x34 ./Core/Images/digit_white_big/6six_big.o
 .ARM.attributes
                0x00000842       0x34 ./Core/Images/digit_white_big/7seven_big.o
 .ARM.attributes
                0x00000876       0x34 ./Core/Images/digit_white_big/8eight_big.o
 .ARM.attributes
                0x000008aa       0x34 ./Core/Images/digit_white_big/9nine_big.o
 .ARM.attributes
                0x000008de       0x34 ./Core/Images/fire/fire.o
 .ARM.attributes
                0x00000912       0x34 ./Core/Images/fire/fire_180.o
 .ARM.attributes
                0x00000946       0x34 ./Core/Images/fire/fire_90.o
 .ARM.attributes
                0x0000097a       0x34 ./Core/Images/fire/fire_off.o
 .ARM.attributes
                0x000009ae       0x34 ./Core/Images/fire/fire_off_90.o
 .ARM.attributes
                0x000009e2       0x34 ./Core/Images/img_com/barbecue.o
 .ARM.attributes
                0x00000a16       0x34 ./Core/Images/img_com/dots.o
 .ARM.attributes
                0x00000a4a       0x34 ./Core/Images/img_com/dots_off.o
 .ARM.attributes
                0x00000a7e       0x34 ./Core/Images/img_com/grad_C.o
 .ARM.attributes
                0x00000ab2       0x34 ./Core/Images/img_com/grad_w.o
 .ARM.attributes
                0x00000ae6       0x34 ./Core/Images/img_com/off.o
 .ARM.attributes
                0x00000b1a       0x34 ./Core/Images/img_com/regulator.o
 .ARM.attributes
                0x00000b4e       0x34 ./Core/Images/img_com/termometr.o
 .ARM.attributes
                0x00000b82       0x34 ./Core/Images/img_com/termometr_big.o
 .ARM.attributes
                0x00000bb6       0x34 ./Core/Images/words/convekcia.o
 .ARM.attributes
                0x00000bea       0x34 ./Core/Images/words/culinar.o
 .ARM.attributes
                0x00000c1e       0x34 ./Core/Images/words/grill.o
 .ARM.attributes
                0x00000c52       0x34 ./Core/Images/words/intensiv.o
 .ARM.attributes
                0x00000c86       0x34 ./Core/Images/words/pred.o
 .ARM.attributes
                0x00000cba       0x34 ./Core/Images/words/standart.o
 .ARM.attributes
                0x00000cee       0x34 ./Core/Images/words/sushca.o
 .ARM.attributes
                0x00000d22       0x34 ./Core/Images/words/svet.o
 .ARM.attributes
                0x00000d56       0x34 ./Core/Images/words/temperature.o
 .ARM.attributes
                0x00000d8a       0x34 ./Core/Images/words/zapekanie.o
 .ARM.attributes
                0x00000dbe       0x34 ./Core/Src/Init.o
 .ARM.attributes
                0x00000df2       0x34 ./Core/Src/dma.o
 .ARM.attributes
                0x00000e26       0x34 ./Core/Src/fsmc.o
 .ARM.attributes
                0x00000e5a       0x34 ./Core/Src/gpio.o
 .ARM.attributes
                0x00000e8e       0x34 ./Core/Src/images.o
 .ARM.attributes
                0x00000ec2       0x34 ./Core/Src/main.o
 .ARM.attributes
                0x00000ef6       0x34 ./Core/Src/stm32f4xx_hal_msp.o
 .ARM.attributes
                0x00000f2a       0x34 ./Core/Src/stm32f4xx_it.o
 .ARM.attributes
                0x00000f5e       0x34 ./Core/Src/system_stm32f4xx.o
 .ARM.attributes
                0x00000f92       0x34 ./Core/Src/tim.o
 .ARM.attributes
                0x00000fc6       0x34 ./Core/Src/usart.o
 .ARM.attributes
                0x00000ffa       0x21 ./Core/Startup/startup_stm32f407igtx.o
 .ARM.attributes
                0x0000101b       0x34 ./Drivers/STM32F4xx_HAL_Driver/Src/stm32f4xx_hal.o
 .ARM.attributes
                0x0000104f       0x34 ./Drivers/STM32F4xx_HAL_Driver/Src/stm32f4xx_hal_cortex.o
 .ARM.attributes
                0x00001083       0x34 ./Drivers/STM32F4xx_HAL_Driver/Src/stm32f4xx_hal_dma.o
 .ARM.attributes
                0x000010b7       0x34 ./Drivers/STM32F4xx_HAL_Driver/Src/stm32f4xx_hal_gpio.o
 .ARM.attributes
                0x000010eb       0x34 ./Drivers/STM32F4xx_HAL_Driver/Src/stm32f4xx_hal_rcc.o
 .ARM.attributes
                0x0000111f       0x34 ./Drivers/STM32F4xx_HAL_Driver/Src/stm32f4xx_hal_sram.o
 .ARM.attributes
                0x00001153       0x34 ./Drivers/STM32F4xx_HAL_Driver/Src/stm32f4xx_hal_tim.o
 .ARM.attributes
                0x00001187       0x34 ./Drivers/STM32F4xx_HAL_Driver/Src/stm32f4xx_hal_tim_ex.o
 .ARM.attributes
                0x000011bb       0x34 ./Drivers/STM32F4xx_HAL_Driver/Src/stm32f4xx_hal_uart.o
 .ARM.attributes
                0x000011ef       0x34 ./Drivers/STM32F4xx_HAL_Driver/Src/stm32f4xx_ll_fsmc.o
 .ARM.attributes
                0x00001223       0x34 C:/ST/STM32CubeIDE_1.15.0/STM32CubeIDE/plugins/com.st.stm32cube.ide.mcu.externaltools.gnu-tools-for-stm32.13.3.rel1.win32_1.0.0.202411081344/tools/bin/../lib/gcc/arm-none-eabi/13.3.1/../../../../arm-none-eabi/lib/thumb/v7e-m+fp/hard\libc_nano.a(libc_a-memset.o)
 .ARM.attributes
                0x00001257       0x34 C:/ST/STM32CubeIDE_1.15.0/STM32CubeIDE/plugins/com.st.stm32cube.ide.mcu.externaltools.gnu-tools-for-stm32.13.3.rel1.win32_1.0.0.202411081344/tools/bin/../lib/gcc/arm-none-eabi/13.3.1/../../../../arm-none-eabi/lib/thumb/v7e-m+fp/hard\libc_nano.a(libc_a-init.o)
 .ARM.attributes
                0x0000128b       0x22 C:/ST/STM32CubeIDE_1.15.0/STM32CubeIDE/plugins/com.st.stm32cube.ide.mcu.externaltools.gnu-tools-for-stm32.13.3.rel1.win32_1.0.0.202411081344/tools/bin/../lib/gcc/arm-none-eabi/13.3.1/thumb/v7e-m+fp/hard\libgcc.a(_aeabi_uldivmod.o)
 .ARM.attributes
                0x000012ad       0x34 C:/ST/STM32CubeIDE_1.15.0/STM32CubeIDE/plugins/com.st.stm32cube.ide.mcu.externaltools.gnu-tools-for-stm32.13.3.rel1.win32_1.0.0.202411081344/tools/bin/../lib/gcc/arm-none-eabi/13.3.1/thumb/v7e-m+fp/hard\libgcc.a(_udivmoddi4.o)
 .ARM.attributes
                0x000012e1       0x22 C:/ST/STM32CubeIDE_1.15.0/STM32CubeIDE/plugins/com.st.stm32cube.ide.mcu.externaltools.gnu-tools-for-stm32.13.3.rel1.win32_1.0.0.202411081344/tools/bin/../lib/gcc/arm-none-eabi/13.3.1/thumb/v7e-m+fp/hard\libgcc.a(_dvmd_tls.o)
 .ARM.attributes
                0x00001303       0x22 C:/ST/STM32CubeIDE_1.15.0/STM32CubeIDE/plugins/com.st.stm32cube.ide.mcu.externaltools.gnu-tools-for-stm32.13.3.rel1.win32_1.0.0.202411081344/tools/bin/../lib/gcc/arm-none-eabi/13.3.1/thumb/v7e-m+fp/hard/crtn.o
OUTPUT(TFT-407.elf elf32-littlearm)
LOAD linker stubs
LOAD C:/ST/STM32CubeIDE_1.15.0/STM32CubeIDE/plugins/com.st.stm32cube.ide.mcu.externaltools.gnu-tools-for-stm32.13.3.rel1.win32_1.0.0.202411081344/tools/bin/../lib/gcc/arm-none-eabi/13.3.1/../../../../arm-none-eabi/lib/thumb/v7e-m+fp/hard\libc.a
LOAD C:/ST/STM32CubeIDE_1.15.0/STM32CubeIDE/plugins/com.st.stm32cube.ide.mcu.externaltools.gnu-tools-for-stm32.13.3.rel1.win32_1.0.0.202411081344/tools/bin/../lib/gcc/arm-none-eabi/13.3.1/../../../../arm-none-eabi/lib/thumb/v7e-m+fp/hard\libm.a
LOAD C:/ST/STM32CubeIDE_1.15.0/STM32CubeIDE/plugins/com.st.stm32cube.ide.mcu.externaltools.gnu-tools-for-stm32.13.3.rel1.win32_1.0.0.202411081344/tools/bin/../lib/gcc/arm-none-eabi/13.3.1/thumb/v7e-m+fp/hard\libgcc.a

.debug_info     0x00000000    0x15b54
 .debug_info    0x00000000       0xd1 ./Core/Images/animals/bear.o
 .debug_info    0x000000d1       0xd1 ./Core/Images/animals/cap.o
 .debug_info    0x000001a2       0xd1 ./Core/Images/animals/cow.o
 .debug_info    0x00000273       0xd1 ./Core/Images/animals/fish.o
 .debug_info    0x00000344       0xd1 ./Core/Images/animals/hen.o
 .debug_info    0x00000415       0xd1 ./Core/Images/animals/lamb.o
 .debug_info    0x000004e6       0xd1 ./Core/Images/animals/pig.o
 .debug_info    0x000005b7       0xd1 ./Core/Images/animals/rabbit.o
 .debug_info    0x00000688       0xd1 ./Core/Images/animals/tea.o
 .debug_info    0x00000759       0xd1 ./Core/Images/animals/termo.o
 .debug_info    0x0000082a       0xd1 ./Core/Images/cooler/cooler_0.o
 .debug_info    0x000008fb       0xd1 ./Core/Images/cooler/cooler_180.o
 .debug_info    0x000009cc       0xd1 ./Core/Images/digit_green/0zero_green.o
 .debug_info    0x00000a9d       0xd1 ./Core/Images/digit_green/1one_green.o
 .debug_info    0x00000b6e       0xd1 ./Core/Images/digit_green/2two_green.o
 .debug_info    0x00000c3f       0xd1 ./Core/Images/digit_green/3three_green.o
 .debug_info    0x00000d10       0xd1 ./Core/Images/digit_green/4four_green.o
 .debug_info    0x00000de1       0xd1 ./Core/Images/digit_green/5five_green.o
 .debug_info    0x00000eb2       0xd1 ./Core/Images/digit_green/6six_green.o
 .debug_info    0x00000f83       0xd1 ./Core/Images/digit_green/7seven_green.o
 .debug_info    0x00001054       0xd1 ./Core/Images/digit_green/8eight_green.o
 .debug_info    0x00001125       0xd1 ./Core/Images/digit_green/9nine_green.o
 .debug_info    0x000011f6       0xd1 ./Core/Images/digit_white/0zero.o
 .debug_info    0x000012c7       0xd1 ./Core/Images/digit_white/1one.o
 .debug_info    0x00001398       0xd1 ./Core/Images/digit_white/2two.o
 .debug_info    0x00001469       0xd1 ./Core/Images/digit_white/3three.o
 .debug_info    0x0000153a       0xd1 ./Core/Images/digit_white/4four.o
 .debug_info    0x0000160b       0xd1 ./Core/Images/digit_white/5five.o
 .debug_info    0x000016dc       0xd1 ./Core/Images/digit_white/6six.o
 .debug_info    0x000017ad       0xd1 ./Core/Images/digit_white/7seven.o
 .debug_info    0x0000187e       0xd1 ./Core/Images/digit_white/8eight.o
 .debug_info    0x0000194f       0xd1 ./Core/Images/digit_white/9nine.o
 .debug_info    0x00001a20       0xd1 ./Core/Images/digit_white_big/0zero_big.o
 .debug_info    0x00001af1       0xd1 ./Core/Images/digit_white_big/1one_big.o
 .debug_info    0x00001bc2       0xd1 ./Core/Images/digit_white_big/2two_big.o
 .debug_info    0x00001c93       0xd1 ./Core/Images/digit_white_big/3three_big.o
 .debug_info    0x00001d64       0xd1 ./Core/Images/digit_white_big/4four_big.o
 .debug_info    0x00001e35       0xd1 ./Core/Images/digit_white_big/5five_big.o
 .debug_info    0x00001f06       0xd1 ./Core/Images/digit_white_big/6six_big.o
 .debug_info    0x00001fd7       0xd1 ./Core/Images/digit_white_big/7seven_big.o
 .debug_info    0x000020a8       0xd1 ./Core/Images/digit_white_big/8eight_big.o
 .debug_info    0x00002179       0xd1 ./Core/Images/digit_white_big/9nine_big.o
 .debug_info    0x0000224a       0xd1 ./Core/Images/fire/fire.o
 .debug_info    0x0000231b       0xd1 ./Core/Images/fire/fire_180.o
 .debug_info    0x000023ec       0xd1 ./Core/Images/fire/fire_90.o
 .debug_info    0x000024bd       0xd1 ./Core/Images/fire/fire_off.o
 .debug_info    0x0000258e       0xd1 ./Core/Images/fire/fire_off_90.o
 .debug_info    0x0000265f       0xd1 ./Core/Images/img_com/barbecue.o
 .debug_info    0x00002730       0xd0 ./Core/Images/img_com/dots.o
 .debug_info    0x00002800       0xd0 ./Core/Images/img_com/dots_off.o
 .debug_info    0x000028d0       0xd0 ./Core/Images/img_com/grad_C.o
 .debug_info    0x000029a0       0xd0 ./Core/Images/img_com/grad_w.o
 .debug_info    0x00002a70       0xd3 ./Core/Images/img_com/off.o
 .debug_info    0x00002b43       0xd1 ./Core/Images/img_com/regulator.o
 .debug_info    0x00002c14       0xd1 ./Core/Images/img_com/termometr.o
 .debug_info    0x00002ce5       0xd1 ./Core/Images/img_com/termometr_big.o
 .debug_info    0x00002db6       0xd1 ./Core/Images/words/convekcia.o
 .debug_info    0x00002e87       0xd1 ./Core/Images/words/culinar.o
 .debug_info    0x00002f58       0xd1 ./Core/Images/words/grill.o
 .debug_info    0x00003029       0xd1 ./Core/Images/words/intensiv.o
 .debug_info    0x000030fa       0xd1 ./Core/Images/words/pred.o
 .debug_info    0x000031cb       0xd1 ./Core/Images/words/standart.o
 .debug_info    0x0000329c       0xd1 ./Core/Images/words/sushca.o
 .debug_info    0x0000336d       0xd1 ./Core/Images/words/svet.o
 .debug_info    0x0000343e       0xd1 ./Core/Images/words/temperature.o
 .debug_info    0x0000350f       0xd1 ./Core/Images/words/zapekanie.o
 .debug_info    0x000035e0      0x9a6 ./Core/Src/Init.o
 .debug_info    0x00003f86      0x4ad ./Core/Src/dma.o
 .debug_info    0x00004433      0x9ee ./Core/Src/fsmc.o
 .debug_info    0x00004e21      0x409 ./Core/Src/gpio.o
 .debug_info    0x0000522a     0x166d ./Core/Src/images.o
 .debug_info    0x00006897      0xec5 ./Core/Src/main.o
 .debug_info    0x0000775c      0x269 ./Core/Src/stm32f4xx_hal_msp.o
 .debug_info    0x000079c5      0xbfb ./Core/Src/stm32f4xx_it.o
 .debug_info    0x000085c0      0x512 ./Core/Src/system_stm32f4xx.o
 .debug_info    0x00008ad2     0x1097 ./Core/Src/tim.o
 .debug_info    0x00009b69      0xbca ./Core/Src/usart.o
 .debug_info    0x0000a733       0x30 ./Core/Startup/startup_stm32f407igtx.o
 .debug_info    0x0000a763      0x944 ./Drivers/STM32F4xx_HAL_Driver/Src/stm32f4xx_hal.o
 .debug_info    0x0000b0a7      0xd8c ./Drivers/STM32F4xx_HAL_Driver/Src/stm32f4xx_hal_cortex.o
 .debug_info    0x0000be33      0x8e7 ./Drivers/STM32F4xx_HAL_Driver/Src/stm32f4xx_hal_dma.o
 .debug_info    0x0000c71a      0x6c3 ./Drivers/STM32F4xx_HAL_Driver/Src/stm32f4xx_hal_gpio.o
 .debug_info    0x0000cddd      0x8c3 ./Drivers/STM32F4xx_HAL_Driver/Src/stm32f4xx_hal_rcc.o
 .debug_info    0x0000d6a0      0xd48 ./Drivers/STM32F4xx_HAL_Driver/Src/stm32f4xx_hal_sram.o
 .debug_info    0x0000e3e8     0x299d ./Drivers/STM32F4xx_HAL_Driver/Src/stm32f4xx_hal_tim.o
 .debug_info    0x00010d85     0x14db ./Drivers/STM32F4xx_HAL_Driver/Src/stm32f4xx_hal_tim_ex.o
 .debug_info    0x00012260     0x2f4f ./Drivers/STM32F4xx_HAL_Driver/Src/stm32f4xx_hal_uart.o
 .debug_info    0x000151af      0x9a5 ./Drivers/STM32F4xx_HAL_Driver/Src/stm32f4xx_ll_fsmc.o

.debug_abbrev   0x00000000     0x4c0c
 .debug_abbrev  0x00000000       0x79 ./Core/Images/animals/bear.o
 .debug_abbrev  0x00000079       0x79 ./Core/Images/animals/cap.o
 .debug_abbrev  0x000000f2       0x79 ./Core/Images/animals/cow.o
 .debug_abbrev  0x0000016b       0x79 ./Core/Images/animals/fish.o
 .debug_abbrev  0x000001e4       0x79 ./Core/Images/animals/hen.o
 .debug_abbrev  0x0000025d       0x79 ./Core/Images/animals/lamb.o
 .debug_abbrev  0x000002d6       0x79 ./Core/Images/animals/pig.o
 .debug_abbrev  0x0000034f       0x79 ./Core/Images/animals/rabbit.o
 .debug_abbrev  0x000003c8       0x79 ./Core/Images/animals/tea.o
 .debug_abbrev  0x00000441       0x79 ./Core/Images/animals/termo.o
 .debug_abbrev  0x000004ba       0x79 ./Core/Images/cooler/cooler_0.o
 .debug_abbrev  0x00000533       0x79 ./Core/Images/cooler/cooler_180.o
 .debug_abbrev  0x000005ac       0x79 ./Core/Images/digit_green/0zero_green.o
 .debug_abbrev  0x00000625       0x79 ./Core/Images/digit_green/1one_green.o
 .debug_abbrev  0x0000069e       0x79 ./Core/Images/digit_green/2two_green.o
 .debug_abbrev  0x00000717       0x79 ./Core/Images/digit_green/3three_green.o
 .debug_abbrev  0x00000790       0x79 ./Core/Images/digit_green/4four_green.o
 .debug_abbrev  0x00000809       0x79 ./Core/Images/digit_green/5five_green.o
 .debug_abbrev  0x00000882       0x79 ./Core/Images/digit_green/6six_green.o
 .debug_abbrev  0x000008fb       0x79 ./Core/Images/digit_green/7seven_green.o
 .debug_abbrev  0x00000974       0x79 ./Core/Images/digit_green/8eight_green.o
 .debug_abbrev  0x000009ed       0x79 ./Core/Images/digit_green/9nine_green.o
 .debug_abbrev  0x00000a66       0x79 ./Core/Images/digit_white/0zero.o
 .debug_abbrev  0x00000adf       0x79 ./Core/Images/digit_white/1one.o
 .debug_abbrev  0x00000b58       0x79 ./Core/Images/digit_white/2two.o
 .debug_abbrev  0x00000bd1       0x79 ./Core/Images/digit_white/3three.o
 .debug_abbrev  0x00000c4a       0x79 ./Core/Images/digit_white/4four.o
 .debug_abbrev  0x00000cc3       0x79 ./Core/Images/digit_white/5five.o
 .debug_abbrev  0x00000d3c       0x79 ./Core/Images/digit_white/6six.o
 .debug_abbrev  0x00000db5       0x79 ./Core/Images/digit_white/7seven.o
 .debug_abbrev  0x00000e2e       0x79 ./Core/Images/digit_white/8eight.o
 .debug_abbrev  0x00000ea7       0x79 ./Core/Images/digit_white/9nine.o
 .debug_abbrev  0x00000f20       0x79 ./Core/Images/digit_white_big/0zero_big.o
 .debug_abbrev  0x00000f99       0x79 ./Core/Images/digit_white_big/1one_big.o
 .debug_abbrev  0x00001012       0x79 ./Core/Images/digit_white_big/2two_big.o
 .debug_abbrev  0x0000108b       0x79 ./Core/Images/digit_white_big/3three_big.o
 .debug_abbrev  0x00001104       0x79 ./Core/Images/digit_white_big/4four_big.o
 .debug_abbrev  0x0000117d       0x79 ./Core/Images/digit_white_big/5five_big.o
 .debug_abbrev  0x000011f6       0x79 ./Core/Images/digit_white_big/6six_big.o
 .debug_abbrev  0x0000126f       0x79 ./Core/Images/digit_white_big/7seven_big.o
 .debug_abbrev  0x000012e8       0x79 ./Core/Images/digit_white_big/8eight_big.o
 .debug_abbrev  0x00001361       0x79 ./Core/Images/digit_white_big/9nine_big.o
 .debug_abbrev  0x000013da       0x79 ./Core/Images/fire/fire.o
 .debug_abbrev  0x00001453       0x79 ./Core/Images/fire/fire_180.o
 .debug_abbrev  0x000014cc       0x79 ./Core/Images/fire/fire_90.o
 .debug_abbrev  0x00001545       0x79 ./Core/Images/fire/fire_off.o
 .debug_abbrev  0x000015be       0x79 ./Core/Images/fire/fire_off_90.o
 .debug_abbrev  0x00001637       0x79 ./Core/Images/img_com/barbecue.o
 .debug_abbrev  0x000016b0       0x79 ./Core/Images/img_com/dots.o
 .debug_abbrev  0x00001729       0x79 ./Core/Images/img_com/dots_off.o
 .debug_abbrev  0x000017a2       0x79 ./Core/Images/img_com/grad_C.o
 .debug_abbrev  0x0000181b       0x79 ./Core/Images/img_com/grad_w.o
 .debug_abbrev  0x00001894       0x79 ./Core/Images/img_com/off.o
 .debug_abbrev  0x0000190d       0x79 ./Core/Images/img_com/regulator.o
 .debug_abbrev  0x00001986       0x79 ./Core/Images/img_com/termometr.o
 .debug_abbrev  0x000019ff       0x79 ./Core/Images/img_com/termometr_big.o
 .debug_abbrev  0x00001a78       0x79 ./Core/Images/words/convekcia.o
 .debug_abbrev  0x00001af1       0x79 ./Core/Images/words/culinar.o
 .debug_abbrev  0x00001b6a       0x79 ./Core/Images/words/grill.o
 .debug_abbrev  0x00001be3       0x79 ./Core/Images/words/intensiv.o
 .debug_abbrev  0x00001c5c       0x79 ./Core/Images/words/pred.o
 .debug_abbrev  0x00001cd5       0x79 ./Core/Images/words/standart.o
 .debug_abbrev  0x00001d4e       0x79 ./Core/Images/words/sushca.o
 .debug_abbrev  0x00001dc7       0x79 ./Core/Images/words/svet.o
 .debug_abbrev  0x00001e40       0x79 ./Core/Images/words/temperature.o
 .debug_abbrev  0x00001eb9       0x79 ./Core/Images/words/zapekanie.o
 .debug_abbrev  0x00001f32      0x296 ./Core/Src/Init.o
 .debug_abbrev  0x000021c8      0x10e ./Core/Src/dma.o
 .debug_abbrev  0x000022d6      0x212 ./Core/Src/fsmc.o
 .debug_abbrev  0x000024e8      0x152 ./Core/Src/gpio.o
 .debug_abbrev  0x0000263a      0x2c2 ./Core/Src/images.o
 .debug_abbrev  0x000028fc      0x27f ./Core/Src/main.o
 .debug_abbrev  0x00002b7b       0xd8 ./Core/Src/stm32f4xx_hal_msp.o
 .debug_abbrev  0x00002c53      0x22b ./Core/Src/stm32f4xx_it.o
 .debug_abbrev  0x00002e7e      0x11a ./Core/Src/system_stm32f4xx.o
 .debug_abbrev  0x00002f98      0x25d ./Core/Src/tim.o
 .debug_abbrev  0x000031f5      0x22c ./Core/Src/usart.o
 .debug_abbrev  0x00003421       0x24 ./Core/Startup/startup_stm32f407igtx.o
 .debug_abbrev  0x00003445      0x214 ./Drivers/STM32F4xx_HAL_Driver/Src/stm32f4xx_hal.o
 .debug_abbrev  0x00003659      0x31d ./Drivers/STM32F4xx_HAL_Driver/Src/stm32f4xx_hal_cortex.o
 .debug_abbrev  0x00003976      0x264 ./Drivers/STM32F4xx_HAL_Driver/Src/stm32f4xx_hal_dma.o
 .debug_abbrev  0x00003bda      0x1d4 ./Drivers/STM32F4xx_HAL_Driver/Src/stm32f4xx_hal_gpio.o
 .debug_abbrev  0x00003dae      0x2b7 ./Drivers/STM32F4xx_HAL_Driver/Src/stm32f4xx_hal_rcc.o
 .debug_abbrev  0x00004065      0x1f3 ./Drivers/STM32F4xx_HAL_Driver/Src/stm32f4xx_hal_sram.o
 .debug_abbrev  0x00004258      0x278 ./Drivers/STM32F4xx_HAL_Driver/Src/stm32f4xx_hal_tim.o
 .debug_abbrev  0x000044d0      0x283 ./Drivers/STM32F4xx_HAL_Driver/Src/stm32f4xx_hal_tim_ex.o
 .debug_abbrev  0x00004753      0x30e ./Drivers/STM32F4xx_HAL_Driver/Src/stm32f4xx_hal_uart.o
 .debug_abbrev  0x00004a61      0x1ab ./Drivers/STM32F4xx_HAL_Driver/Src/stm32f4xx_ll_fsmc.o

.debug_aranges  0x00000000     0x1608
 .debug_aranges
                0x00000000       0x18 ./Core/Images/animals/bear.o
 .debug_aranges
                0x00000018       0x18 ./Core/Images/animals/cap.o
 .debug_aranges
                0x00000030       0x18 ./Core/Images/animals/cow.o
 .debug_aranges
                0x00000048       0x18 ./Core/Images/animals/fish.o
 .debug_aranges
                0x00000060       0x18 ./Core/Images/animals/hen.o
 .debug_aranges
                0x00000078       0x18 ./Core/Images/animals/lamb.o
 .debug_aranges
                0x00000090       0x18 ./Core/Images/animals/pig.o
 .debug_aranges
                0x000000a8       0x18 ./Core/Images/animals/rabbit.o
 .debug_aranges
                0x000000c0       0x18 ./Core/Images/animals/tea.o
 .debug_aranges
                0x000000d8       0x18 ./Core/Images/animals/termo.o
 .debug_aranges
                0x000000f0       0x18 ./Core/Images/cooler/cooler_0.o
 .debug_aranges
                0x00000108       0x18 ./Core/Images/cooler/cooler_180.o
 .debug_aranges
                0x00000120       0x18 ./Core/Images/digit_green/0zero_green.o
 .debug_aranges
                0x00000138       0x18 ./Core/Images/digit_green/1one_green.o
 .debug_aranges
                0x00000150       0x18 ./Core/Images/digit_green/2two_green.o
 .debug_aranges
                0x00000168       0x18 ./Core/Images/digit_green/3three_green.o
 .debug_aranges
                0x00000180       0x18 ./Core/Images/digit_green/4four_green.o
 .debug_aranges
                0x00000198       0x18 ./Core/Images/digit_green/5five_green.o
 .debug_aranges
                0x000001b0       0x18 ./Core/Images/digit_green/6six_green.o
 .debug_aranges
                0x000001c8       0x18 ./Core/Images/digit_green/7seven_green.o
 .debug_aranges
                0x000001e0       0x18 ./Core/Images/digit_green/8eight_green.o
 .debug_aranges
                0x000001f8       0x18 ./Core/Images/digit_green/9nine_green.o
 .debug_aranges
                0x00000210       0x18 ./Core/Images/digit_white/0zero.o
 .debug_aranges
                0x00000228       0x18 ./Core/Images/digit_white/1one.o
 .debug_aranges
                0x00000240       0x18 ./Core/Images/digit_white/2two.o
 .debug_aranges
                0x00000258       0x18 ./Core/Images/digit_white/3three.o
 .debug_aranges
                0x00000270       0x18 ./Core/Images/digit_white/4four.o
 .debug_aranges
                0x00000288       0x18 ./Core/Images/digit_white/5five.o
 .debug_aranges
                0x000002a0       0x18 ./Core/Images/digit_white/6six.o
 .debug_aranges
                0x000002b8       0x18 ./Core/Images/digit_white/7seven.o
 .debug_aranges
                0x000002d0       0x18 ./Core/Images/digit_white/8eight.o
 .debug_aranges
                0x000002e8       0x18 ./Core/Images/digit_white/9nine.o
 .debug_aranges
                0x00000300       0x18 ./Core/Images/digit_white_big/0zero_big.o
 .debug_aranges
                0x00000318       0x18 ./Core/Images/digit_white_big/1one_big.o
 .debug_aranges
                0x00000330       0x18 ./Core/Images/digit_white_big/2two_big.o
 .debug_aranges
                0x00000348       0x18 ./Core/Images/digit_white_big/3three_big.o
 .debug_aranges
                0x00000360       0x18 ./Core/Images/digit_white_big/4four_big.o
 .debug_aranges
                0x00000378       0x18 ./Core/Images/digit_white_big/5five_big.o
 .debug_aranges
                0x00000390       0x18 ./Core/Images/digit_white_big/6six_big.o
 .debug_aranges
                0x000003a8       0x18 ./Core/Images/digit_white_big/7seven_big.o
 .debug_aranges
                0x000003c0       0x18 ./Core/Images/digit_white_big/8eight_big.o
 .debug_aranges
                0x000003d8       0x18 ./Core/Images/digit_white_big/9nine_big.o
 .debug_aranges
                0x000003f0       0x18 ./Core/Images/fire/fire.o
 .debug_aranges
                0x00000408       0x18 ./Core/Images/fire/fire_180.o
 .debug_aranges
                0x00000420       0x18 ./Core/Images/fire/fire_90.o
 .debug_aranges
                0x00000438       0x18 ./Core/Images/fire/fire_off.o
 .debug_aranges
                0x00000450       0x18 ./Core/Images/fire/fire_off_90.o
 .debug_aranges
                0x00000468       0x18 ./Core/Images/img_com/barbecue.o
 .debug_aranges
                0x00000480       0x18 ./Core/Images/img_com/dots.o
 .debug_aranges
                0x00000498       0x18 ./Core/Images/img_com/dots_off.o
 .debug_aranges
                0x000004b0       0x18 ./Core/Images/img_com/grad_C.o
 .debug_aranges
                0x000004c8       0x18 ./Core/Images/img_com/grad_w.o
 .debug_aranges
                0x000004e0       0x18 ./Core/Images/img_com/off.o
 .debug_aranges
                0x000004f8       0x18 ./Core/Images/img_com/regulator.o
 .debug_aranges
                0x00000510       0x18 ./Core/Images/img_com/termometr.o
 .debug_aranges
                0x00000528       0x18 ./Core/Images/img_com/termometr_big.o
 .debug_aranges
                0x00000540       0x18 ./Core/Images/words/convekcia.o
 .debug_aranges
                0x00000558       0x18 ./Core/Images/words/culinar.o
 .debug_aranges
                0x00000570       0x18 ./Core/Images/words/grill.o
 .debug_aranges
                0x00000588       0x18 ./Core/Images/words/intensiv.o
 .debug_aranges
                0x000005a0       0x18 ./Core/Images/words/pred.o
 .debug_aranges
                0x000005b8       0x18 ./Core/Images/words/standart.o
 .debug_aranges
                0x000005d0       0x18 ./Core/Images/words/sushca.o
 .debug_aranges
                0x000005e8       0x18 ./Core/Images/words/svet.o
 .debug_aranges
                0x00000600       0x18 ./Core/Images/words/temperature.o
 .debug_aranges
                0x00000618       0x18 ./Core/Images/words/zapekanie.o
 .debug_aranges
                0x00000630       0xf8 ./Core/Src/Init.o
 .debug_aranges
                0x00000728       0x20 ./Core/Src/dma.o
 .debug_aranges
                0x00000748       0x40 ./Core/Src/fsmc.o
 .debug_aranges
                0x00000788       0x20 ./Core/Src/gpio.o
 .debug_aranges
                0x000007a8       0x70 ./Core/Src/images.o
 .debug_aranges
                0x00000818       0x30 ./Core/Src/main.o
 .debug_aranges
                0x00000848       0x20 ./Core/Src/stm32f4xx_hal_msp.o
 .debug_aranges
                0x00000868       0x98 ./Core/Src/stm32f4xx_it.o
 .debug_aranges
                0x00000900       0x28 ./Core/Src/system_stm32f4xx.o
 .debug_aranges
                0x00000928       0x58 ./Core/Src/tim.o
 .debug_aranges
                0x00000980       0x30 ./Core/Src/usart.o
 .debug_aranges
                0x000009b0       0x28 ./Core/Startup/startup_stm32f407igtx.o
 .debug_aranges
                0x000009d8       0xf0 ./Drivers/STM32F4xx_HAL_Driver/Src/stm32f4xx_hal.o
 .debug_aranges
                0x00000ac8      0x130 ./Drivers/STM32F4xx_HAL_Driver/Src/stm32f4xx_hal_cortex.o
 .debug_aranges
                0x00000bf8       0x90 ./Drivers/STM32F4xx_HAL_Driver/Src/stm32f4xx_hal_dma.o
 .debug_aranges
                0x00000c88       0x58 ./Drivers/STM32F4xx_HAL_Driver/Src/stm32f4xx_hal_gpio.o
 .debug_aranges
                0x00000ce0       0x88 ./Drivers/STM32F4xx_HAL_Driver/Src/stm32f4xx_hal_rcc.o
 .debug_aranges
                0x00000d68       0xb8 ./Drivers/STM32F4xx_HAL_Driver/Src/stm32f4xx_hal_sram.o
 .debug_aranges
                0x00000e20      0x3d0 ./Drivers/STM32F4xx_HAL_Driver/Src/stm32f4xx_hal_tim.o
 .debug_aranges
                0x000011f0      0x168 ./Drivers/STM32F4xx_HAL_Driver/Src/stm32f4xx_hal_tim_ex.o
 .debug_aranges
                0x00001358      0x208 ./Drivers/STM32F4xx_HAL_Driver/Src/stm32f4xx_hal_uart.o
 .debug_aranges
                0x00001560       0xa8 ./Drivers/STM32F4xx_HAL_Driver/Src/stm32f4xx_ll_fsmc.o

.debug_macro    0x00000000    0x2a6d9
 .debug_macro   0x00000000      0x1f8 ./Core/Images/animals/bear.o
 .debug_macro   0x000001f8      0xad8 ./Core/Images/animals/bear.o
 .debug_macro   0x00000cd0      0x2a1 ./Core/Images/animals/bear.o
 .debug_macro   0x00000f71       0x2e ./Core/Images/animals/bear.o
 .debug_macro   0x00000f9f       0x2f ./Core/Images/animals/bear.o
 .debug_macro   0x00000fce       0x22 ./Core/Images/animals/bear.o
 .debug_macro   0x00000ff0       0x8e ./Core/Images/animals/bear.o
 .debug_macro   0x0000107e       0x51 ./Core/Images/animals/bear.o
 .debug_macro   0x000010cf      0x103 ./Core/Images/animals/bear.o
 .debug_macro   0x000011d2       0x6a ./Core/Images/animals/bear.o
 .debug_macro   0x0000123c      0x1df ./Core/Images/animals/bear.o
 .debug_macro   0x0000141b       0x1c ./Core/Images/animals/bear.o
 .debug_macro   0x00001437       0x22 ./Core/Images/animals/bear.o
 .debug_macro   0x00001459       0xfb ./Core/Images/animals/bear.o
 .debug_macro   0x00001554     0x1011 ./Core/Images/animals/bear.o
 .debug_macro   0x00002565      0x11f ./Core/Images/animals/bear.o
 .debug_macro   0x00002684    0x15ea5 ./Core/Images/animals/bear.o
 .debug_macro   0x00018529       0x6d ./Core/Images/animals/bear.o
 .debug_macro   0x00018596     0x3693 ./Core/Images/animals/bear.o
 .debug_macro   0x0001bc29      0x190 ./Core/Images/animals/bear.o
 .debug_macro   0x0001bdb9       0x5c ./Core/Images/animals/bear.o
 .debug_macro   0x0001be15      0x980 ./Core/Images/animals/bear.o
 .debug_macro   0x0001c795      0x9e9 ./Core/Images/animals/bear.o
 .debug_macro   0x0001d17e      0x115 ./Core/Images/animals/bear.o
 .debug_macro   0x0001d293      0x13e ./Core/Images/animals/bear.o
 .debug_macro   0x0001d3d1       0xa5 ./Core/Images/animals/bear.o
 .debug_macro   0x0001d476      0x174 ./Core/Images/animals/bear.o
 .debug_macro   0x0001d5ea      0x287 ./Core/Images/animals/bear.o
 .debug_macro   0x0001d871       0x5f ./Core/Images/animals/bear.o
 .debug_macro   0x0001d8d0      0x236 ./Core/Images/animals/bear.o
 .debug_macro   0x0001db06      0x12c ./Core/Images/animals/bear.o
 .debug_macro   0x0001dc32      0x21e ./Core/Images/animals/bear.o
 .debug_macro   0x0001de50       0x2e ./Core/Images/animals/bear.o
 .debug_macro   0x0001de7e      0x516 ./Core/Images/animals/bear.o
 .debug_macro   0x0001e394      0x127 ./Core/Images/animals/bear.o
 .debug_macro   0x0001e4bb       0x7e ./Core/Images/animals/bear.o
 .debug_macro   0x0001e539       0x89 ./Core/Images/animals/bear.o
 .debug_macro   0x0001e5c2      0x8ed ./Core/Images/animals/bear.o
 .debug_macro   0x0001eeaf       0x4d ./Core/Images/animals/bear.o
 .debug_macro   0x0001eefc      0x2aa ./Core/Images/animals/bear.o
 .debug_macro   0x0001f1a6      0x12d ./Core/Images/animals/bear.o
 .debug_macro   0x0001f2d3       0xd0 ./Core/Images/animals/bear.o