../Core/Src/Init.c:17:6:ILI9488_Reset	8	static
../Core/Src/Init.c:24:6:DWT_Init	4	static
../Core/Src/Init.c:34:26:delta	16	static
../Core/Src/Init.c:38:6:delay_us	24	static
../Core/Src/Init.c:45:7:writecommand	16	static
../Core/Src/Init.c:50:7:writedata	16	static
../Core/Src/Init.c:57:7:init_9341	8	static
../Core/Src/Init.c:184:7:init_9486	8	static
../Core/Src/Init.c:263:7:init_HX8357C	8	static
../Core/Src/Init.c:369:7:init_HX8357B	8	static
../Core/Src/Init.c:435:7:init_9481	8	static
../Core/Src/Init.c:519:6:init_HX8357D	8	static
../Core/Src/Init.c:639:6:init_9488	8	static
../Core/Src/Init.c:731:6:fillScreen	24	static
../Core/Src/Init.c:736:6:setScrollArea	16	static
../Core/Src/Init.c:748:13:scroll	16	static
../Core/Src/Init.c:757:13:setAddrWindow	24	static
../Core/Src/Init.c:775:7:drawImage	80	dynamic
../Core/Src/Init.c:812:8:pushColor	16	static
../Core/Src/Init.c:817:8:pushColors	48	dynamic
../Core/Src/Init.c:837:19:write16BitColor	24	static
../Core/Src/Init.c:852:19:drawPixel	16	static
../Core/Src/Init.c:860:19:drawFastVLine	24	static
../Core/Src/Init.c:877:19:drawFastHLine	24	static
../Core/Src/Init.c:891:19:fillRect	24	static
../Core/Src/Init.c:909:23:color565	16	static
../Core/Src/Init.c:922:19:setRotation	24	static
../Core/Src/Init.c:953:19:invertDisplay	16	static
